../Drivers/USBH_midi_class/Src/usbh_MIDI.c:76:27:USBH_MIDI_InterfaceInit	48	static
../Drivers/USBH_midi_class/Src/usbh_MIDI.c:171:20:USBH_MIDI_InterfaceDeInit	24	static
../Drivers/USBH_midi_class/Src/usbh_MIDI.c:207:27:USBH_MIDI_ClassRequest	16	static
../Drivers/USBH_midi_class/Src/usbh_MIDI.c:223:21:USBH_MIDI_Stop	24	static
../Drivers/USBH_midi_class/Src/usbh_MIDI.c:246:27:USBH_MIDI_Process	24	static
../Drivers/USBH_midi_class/Src/usbh_MIDI.c:290:27:USBH_MIDI_SOFProcess	16	static
../Drivers/USBH_midi_class/Src/usbh_MIDI.c:302:10:USBH_MIDI_GetLastReceivedDataSize	24	static
../Drivers/USBH_midi_class/Src/usbh_MIDI.c:323:21:USBH_MIDI_Transmit	32	static
../Drivers/USBH_midi_class/Src/usbh_MIDI.c:349:21:USBH_MIDI_Receive	32	static
../Drivers/USBH_midi_class/Src/usbh_MIDI.c:375:13:MIDI_ProcessTransmission	32	static
../Drivers/USBH_midi_class/Src/usbh_MIDI.c:456:13:MIDI_ProcessReception	24	static
../Drivers/USBH_midi_class/Src/usbh_MIDI.c:520:13:USBH_MIDI_TransmitCallback	16	static
../Drivers/USBH_midi_class/Src/usbh_MIDI.c:531:13:USBH_MIDI_ReceiveCallback	16	static
