Archive member included to satisfy reference by file (symbol)

/app/stm32cubeide/plugins/com.st.stm32cube.ide.mcu.externaltools.gnu-tools-for-stm32.10.3-2021.10.linux64_1.0.0.202111181127/tools/bin/../lib/gcc/arm-none-eabi/10.3.1/../../../../arm-none-eabi/lib/thumb/v7e-m+fp/hard/libc_nano.a(lib_a-errno.o)
                              ./Core/Src/syscalls.o (__errno)
/app/stm32cubeide/plugins/com.st.stm32cube.ide.mcu.externaltools.gnu-tools-for-stm32.10.3-2021.10.linux64_1.0.0.202111181127/tools/bin/../lib/gcc/arm-none-eabi/10.3.1/../../../../arm-none-eabi/lib/thumb/v7e-m+fp/hard/libc_nano.a(lib_a-exit.o)
                              /app/stm32cubeide/plugins/com.st.stm32cube.ide.mcu.externaltools.gnu-tools-for-stm32.10.3-2021.10.linux64_1.0.0.202111181127/tools/bin/../lib/gcc/arm-none-eabi/10.3.1/../../../../arm-none-eabi/lib/thumb/v7e-m+fp/hard/crt0.o (exit)
/app/stm32cubeide/plugins/com.st.stm32cube.ide.mcu.externaltools.gnu-tools-for-stm32.10.3-2021.10.linux64_1.0.0.202111181127/tools/bin/../lib/gcc/arm-none-eabi/10.3.1/../../../../arm-none-eabi/lib/thumb/v7e-m+fp/hard/libc_nano.a(lib_a-impure.o)
                              /app/stm32cubeide/plugins/com.st.stm32cube.ide.mcu.externaltools.gnu-tools-for-stm32.10.3-2021.10.linux64_1.0.0.202111181127/tools/bin/../lib/gcc/arm-none-eabi/10.3.1/../../../../arm-none-eabi/lib/thumb/v7e-m+fp/hard/libc_nano.a(lib_a-exit.o) (_global_impure_ptr)
/app/stm32cubeide/plugins/com.st.stm32cube.ide.mcu.externaltools.gnu-tools-for-stm32.10.3-2021.10.linux64_1.0.0.202111181127/tools/bin/../lib/gcc/arm-none-eabi/10.3.1/../../../../arm-none-eabi/lib/thumb/v7e-m+fp/hard/libc_nano.a(lib_a-init.o)
                              /app/stm32cubeide/plugins/com.st.stm32cube.ide.mcu.externaltools.gnu-tools-for-stm32.10.3-2021.10.linux64_1.0.0.202111181127/tools/bin/../lib/gcc/arm-none-eabi/10.3.1/../../../../arm-none-eabi/lib/thumb/v7e-m+fp/hard/crt0.o (__libc_init_array)
/app/stm32cubeide/plugins/com.st.stm32cube.ide.mcu.externaltools.gnu-tools-for-stm32.10.3-2021.10.linux64_1.0.0.202111181127/tools/bin/../lib/gcc/arm-none-eabi/10.3.1/../../../../arm-none-eabi/lib/thumb/v7e-m+fp/hard/libc_nano.a(lib_a-memset.o)
                              /app/stm32cubeide/plugins/com.st.stm32cube.ide.mcu.externaltools.gnu-tools-for-stm32.10.3-2021.10.linux64_1.0.0.202111181127/tools/bin/../lib/gcc/arm-none-eabi/10.3.1/../../../../arm-none-eabi/lib/thumb/v7e-m+fp/hard/crt0.o (memset)
/app/stm32cubeide/plugins/com.st.stm32cube.ide.mcu.externaltools.gnu-tools-for-stm32.10.3-2021.10.linux64_1.0.0.202111181127/tools/bin/../lib/gcc/arm-none-eabi/10.3.1/../../../../arm-none-eabi/lib/thumb/v7e-m+fp/hard/libm.a(lib_a-s_sin.o)
                              ./Core/Src/wavetable.o (sin)
/app/stm32cubeide/plugins/com.st.stm32cube.ide.mcu.externaltools.gnu-tools-for-stm32.10.3-2021.10.linux64_1.0.0.202111181127/tools/bin/../lib/gcc/arm-none-eabi/10.3.1/../../../../arm-none-eabi/lib/thumb/v7e-m+fp/hard/libm.a(lib_a-e_rem_pio2.o)
                              /app/stm32cubeide/plugins/com.st.stm32cube.ide.mcu.externaltools.gnu-tools-for-stm32.10.3-2021.10.linux64_1.0.0.202111181127/tools/bin/../lib/gcc/arm-none-eabi/10.3.1/../../../../arm-none-eabi/lib/thumb/v7e-m+fp/hard/libm.a(lib_a-s_sin.o) (__ieee754_rem_pio2)
/app/stm32cubeide/plugins/com.st.stm32cube.ide.mcu.externaltools.gnu-tools-for-stm32.10.3-2021.10.linux64_1.0.0.202111181127/tools/bin/../lib/gcc/arm-none-eabi/10.3.1/../../../../arm-none-eabi/lib/thumb/v7e-m+fp/hard/libm.a(lib_a-k_cos.o)
                              /app/stm32cubeide/plugins/com.st.stm32cube.ide.mcu.externaltools.gnu-tools-for-stm32.10.3-2021.10.linux64_1.0.0.202111181127/tools/bin/../lib/gcc/arm-none-eabi/10.3.1/../../../../arm-none-eabi/lib/thumb/v7e-m+fp/hard/libm.a(lib_a-s_sin.o) (__kernel_cos)
/app/stm32cubeide/plugins/com.st.stm32cube.ide.mcu.externaltools.gnu-tools-for-stm32.10.3-2021.10.linux64_1.0.0.202111181127/tools/bin/../lib/gcc/arm-none-eabi/10.3.1/../../../../arm-none-eabi/lib/thumb/v7e-m+fp/hard/libm.a(lib_a-k_rem_pio2.o)
                              /app/stm32cubeide/plugins/com.st.stm32cube.ide.mcu.externaltools.gnu-tools-for-stm32.10.3-2021.10.linux64_1.0.0.202111181127/tools/bin/../lib/gcc/arm-none-eabi/10.3.1/../../../../arm-none-eabi/lib/thumb/v7e-m+fp/hard/libm.a(lib_a-e_rem_pio2.o) (__kernel_rem_pio2)
/app/stm32cubeide/plugins/com.st.stm32cube.ide.mcu.externaltools.gnu-tools-for-stm32.10.3-2021.10.linux64_1.0.0.202111181127/tools/bin/../lib/gcc/arm-none-eabi/10.3.1/../../../../arm-none-eabi/lib/thumb/v7e-m+fp/hard/libm.a(lib_a-k_sin.o)
                              /app/stm32cubeide/plugins/com.st.stm32cube.ide.mcu.externaltools.gnu-tools-for-stm32.10.3-2021.10.linux64_1.0.0.202111181127/tools/bin/../lib/gcc/arm-none-eabi/10.3.1/../../../../arm-none-eabi/lib/thumb/v7e-m+fp/hard/libm.a(lib_a-s_sin.o) (__kernel_sin)
[...]
Memory Configuration

Name             Origin             Length             Attributes
RAM              0x0000000020000000 0x0000000000020000 xrw
FLASH            0x0000000008000000 0x0000000000080000 xr
*default*        0x0000000000000000 0xffffffffffffffff

Linker script and memory map

LOAD /app/stm32cubeide/plugins/com.st.stm32cube.ide.mcu.externaltools.gnu-tools-for-stm32.10.3-2021.10.linux64_1.0.0.202111181127/tools/bin/../lib/gcc/arm-none-eabi/10.3.1/thumb/v7e-m+fp/hard/crti.o
LOAD /app/stm32cubeide/plugins/com.st.stm32cube.ide.mcu.externaltools.gnu-tools-for-stm32.10.3-2021.10.linux64_1.0.0.202111181127/tools/bin/../lib/gcc/arm-none-eabi/10.3.1/thumb/v7e-m+fp/hard/crtbegin.o
LOAD /app/stm32cubeide/plugins/com.st.stm32cube.ide.mcu.externaltools.gnu-tools-for-stm32.10.3-2021.10.linux64_1.0.0.202111181127/tools/bin/../lib/gcc/arm-none-eabi/10.3.1/../../../../arm-none-eabi/lib/thumb/v7e-m+fp/hard/crt0.o
LOAD ./Core/Src/codec.o
LOAD ./Core/Src/dma.o
LOAD ./Core/Src/gpio.o
LOAD ./Core/Src/i2c.o
LOAD ./Core/Src/i2s.o
LOAD ./Core/Src/main.o
LOAD ./Core/Src/stm32f4xx_hal_msp.o
LOAD ./Core/Src/stm32f4xx_it.o
LOAD ./Core/Src/synth.o
LOAD ./Core/Src/syscalls.o
LOAD ./Core/Src/sysmem.o
LOAD ./Core/Src/system_stm32f4xx.o
LOAD ./Core/Src/wavetable.o
LOAD ./Core/Startup/startup_stm32f411vetx.o
LOAD ./Drivers/STM32F4xx_HAL_Driver/Src/stm32f4xx_hal.o
LOAD ./Drivers/STM32F4xx_HAL_Driver/Src/stm32f4xx_hal_cortex.o
LOAD ./Drivers/STM32F4xx_HAL_Driver/Src/stm32f4xx_hal_dma.o
LOAD ./Drivers/STM32F4xx_HAL_Driver/Src/stm32f4xx_hal_dma_ex.o
LOAD ./Drivers/STM32F4xx_HAL_Driver/Src/stm32f4xx_hal_exti.o
LOAD ./Drivers/STM32F4xx_HAL_Driver/Src/stm32f4xx_hal_flash.o
LOAD ./Drivers/STM32F4xx_HAL_Driver/Src/stm32f4xx_hal_flash_ex.o
LOAD ./Drivers/STM32F4xx_HAL_Driver/Src/stm32f4xx_hal_flash_ramfunc.o
LOAD ./Drivers/STM32F4xx_HAL_Driver/Src/stm32f4xx_hal_gpio.o
LOAD ./Drivers/STM32F4xx_HAL_Driver/Src/stm32f4xx_hal_i2c.o
LOAD ./Drivers/STM32F4xx_HAL_Driver/Src/stm32f4xx_hal_i2c_ex.o
LOAD ./Drivers/STM32F4xx_HAL_Driver/Src/stm32f4xx_hal_i2s.o
LOAD ./Drivers/STM32F4xx_HAL_Driver/Src/stm32f4xx_hal_i2s_ex.o
LOAD ./Drivers/STM32F4xx_HAL_Driver/Src/stm32f4xx_hal_pwr.o
LOAD ./Drivers/STM32F4xx_HAL_Driver/Src/stm32f4xx_hal_pwr_ex.o
LOAD ./Drivers/STM32F4xx_HAL_Driver/Src/stm32f4xx_hal_rcc.o
LOAD ./Drivers/STM32F4xx_HAL_Driver/Src/stm32f4xx_hal_rcc_ex.o
LOAD ./Drivers/STM32F4xx_HAL_Driver/Src/stm32f4xx_hal_tim.o
LOAD ./Drivers/STM32F4xx_HAL_Driver/Src/stm32f4xx_hal_tim_ex.o
START GROUP
LOAD /app/stm32cubeide/plugins/com.st.stm32cube.ide.mcu.externaltools.gnu-tools-for-stm32.10.3-2021.10.linux64_1.0.0.202111181127/tools/bin/../lib/gcc/arm-none-eabi/10.3.1/../../../../arm-none-eabi/lib/thumb/v7e-m+fp/hard/libc_nano.a
LOAD /app/stm32cubeide/plugins/com.st.stm32cube.ide.mcu.externaltools.gnu-tools-for-stm32.10.3-2021.10.linux64_1.0.0.202111181127/tools/bin/../lib/gcc/arm-none-eabi/10.3.1/../../../../arm-none-eabi/lib/thumb/v7e-m+fp/hard/libm.a
END GROUP
START GROUP
LOAD /app/stm32cubeide/plugins/com.st.stm32cube.ide.mcu.externaltools.gnu-tools-for-stm32.10.3-2021.10.linux64_1.0.0.202111181127/tools/bin/../lib/gcc/arm-none-eabi/10.3.1/thumb/v7e-m+fp/hard/libgcc.a
LOAD /app/stm32cubeide/plugins/com.st.stm32cube.ide.mcu.externaltools.gnu-tools-for-stm32.10.3-2021.10.linux64_1.0.0.202111181127/tools/bin/../lib/gcc/arm-none-eabi/10.3.1/../../../../arm-none-eabi/lib/thumb/v7e-m+fp/hard/libc_nano.a
END GROUP
START GROUP
LOAD /app/stm32cubeide/plugins/com.st.stm32cube.ide.mcu.externaltools.gnu-tools-for-stm32.10.3-2021.10.linux64_1.0.0.202111181127/tools/bin/../lib/gcc/arm-none-eabi/10.3.1/thumb/v7e-m+fp/hard/libgcc.a
LOAD /app/stm32cubeide/plugins/com.st.stm32cube.ide.mcu.externaltools.gnu-tools-for-stm32.10.3-2021.10.linux64_1.0.0.202111181127/tools/bin/../lib/gcc/arm-none-eabi/10.3.1/../../../../arm-none-eabi/lib/thumb/v7e-m+fp/hard/libc_nano.a
LOAD /app/stm32cubeide/plugins/com.st.stm32cube.ide.mcu.externaltools.gnu-tools-for-stm32.10.3-2021.10.linux64_1.0.0.202111181127/tools/bin/../lib/gcc/arm-none-eabi/10.3.1/../../../../arm-none-eabi/lib/thumb/v7e-m+fp/hard/libnosys.a
END GROUP
START GROUP
LOAD /app/stm32cubeide/plugins/com.st.stm32cube.ide.mcu.externaltools.gnu-tools-for-stm32.10.3-2021.10.linux64_1.0.0.202111181127/tools/bin/../lib/gcc/arm-none-eabi/10.3.1/thumb/v7e-m+fp/hard/libgcc.a
LOAD /app/stm32cubeide/plugins/com.st.stm32cube.ide.mcu.externaltools.gnu-tools-for-stm32.10.3-2021.10.linux64_1.0.0.202111181127/tools/bin/../lib/gcc/arm-none-eabi/10.3.1/../../../../arm-none-eabi/lib/thumb/v7e-m+fp/hard/libc_nano.a
LOAD /app/stm32cubeide/plugins/com.st.stm32cube.ide.mcu.externaltools.gnu-tools-for-stm32.10.3-2021.10.linux64_1.0.0.202111181127/tools/bin/../lib/gcc/arm-none-eabi/10.3.1/../../../../arm-none-eabi/lib/thumb/v7e-m+fp/hard/libnosys.a
END GROUP
LOAD /app/stm32cubeide/plugins/com.st.stm32cube.ide.mcu.externaltools.gnu-tools-for-stm32.10.3-2021.10.linux64_1.0.0.202111181127/tools/bin/../lib/gcc/arm-none-eabi/10.3.1/thumb/v7e-m+fp/hard/crtend.o
LOAD /app/stm32cubeide/plugins/com.st.stm32cube.ide.mcu.externaltools.gnu-tools-for-stm32.10.3-2021.10.linux64_1.0.0.202111181127/tools/bin/../lib/gcc/arm-none-eabi/10.3.1/thumb/v7e-m+fp/hard/crtn.o
                0x0000000020020000                _estack = (ORIGIN (RAM) + LENGTH (RAM))
                0x0000000000000200                _Min_Heap_Size = 0x200
                0x0000000000000400                _Min_Stack_Size = 0x400

.isr_vector     0x0000000008000000      0x198
                0x0000000008000000                . = ALIGN (0x4)
 *(.isr_vector)
 .isr_vector    0x0000000008000000      0x198 ./Core/Startup/startup_stm32f411vetx.o
                0x0000000008000000                g_pfnVectors
                0x0000000008000198                . = ALIGN (0x4)

.text           0x0000000008000198     0x5564
                0x0000000008000198                . = ALIGN (0x4)
 *(.text)
 .text          0x0000000008000198       0x40 /app/stm32cubeide/plugins/com.st.stm32cube.ide.mcu.externaltools.gnu-tools-for-stm32.10.3-2021.10.linux64_1.0.0.202111181127/tools/bin/../lib/gcc/arm-none-eabi/10.3.1/thumb/v7e-m+fp/hard/crtbegin.o
 .text          0x00000000080001d8      0x254 /app/stm32cubeide/plugins/com.st.stm32cube.ide.mcu.externaltools.gnu-tools-for-stm32.10.3-2021.10.linux64_1.0.0.202111181127/tools/bin/../lib/gcc/arm-none-eabi/10.3.1/thumb/v7e-m+fp/hard/libgcc.a(_arm_muldf3.o)
                0x00000000080001d8                __aeabi_dmul
                0x00000000080001d8                __muldf3
 .text          0x000000000800042c      0x378 /app/stm32cubeide/plugins/com.st.stm32cube.ide.mcu.externaltools.gnu-tools-for-stm32.10.3-2021.10.linux64_1.0.0.202111181127/tools/bin/../lib/gcc/arm-none-eabi/10.3.1/thumb/v7e-m+fp/hard/libgcc.a(_arm_addsubdf3.o)
                0x000000000800042c                __aeabi_drsub
                0x0000000008000434                __aeabi_dsub
                0x0000000008000434                __subdf3
                0x0000000008000438                __adddf3
                0x0000000008000438                __aeabi_dadd
                0x00000000080006b0                __aeabi_ui2d
                0x00000000080006b0                __floatunsidf
                0x00000000080006d0                __floatsidf
                0x00000000080006d0                __aeabi_i2d
                0x00000000080006f4                __extendsfdf2
                0x00000000080006f4                __aeabi_f2d
                0x0000000008000738                __aeabi_ul2d
                0x0000000008000738                __floatundidf
                0x0000000008000748                __floatdidf
                0x0000000008000748                __aeabi_l2d
 .text          0x00000000080007a4      0x110 /app/stm32cubeide/plugins/com.st.stm32cube.ide.mcu.externaltools.gnu-tools-for-stm32.10.3-2021.10.linux64_1.0.0.202111181127/tools/bin/../lib/gcc/arm-none-eabi/10.3.1/thumb/v7e-m+fp/hard/libgcc.a(_arm_cmpdf2.o)
                0x00000000080007a4                __gtdf2
                0x00000000080007a4                __gedf2
                0x00000000080007ac                __ltdf2
                0x00000000080007ac                __ledf2
                0x00000000080007b4                __cmpdf2
                0x00000000080007b4                __eqdf2
                0x00000000080007b4                __nedf2
                0x0000000008000830                __aeabi_cdrcmple
                0x0000000008000840                __aeabi_cdcmple
                0x0000000008000840                __aeabi_cdcmpeq
                0x0000000008000850                __aeabi_dcmpeq
                0x0000000008000864                __aeabi_dcmplt
                0x0000000008000878                __aeabi_dcmple
                0x000000000800088c                __aeabi_dcmpge
                0x00000000080008a0                __aeabi_dcmpgt
 .text          0x00000000080008b4       0x50 /app/stm32cubeide/plugins/com.st.stm32cube.ide.mcu.externaltools.gnu-tools-for-stm32.10.3-2021.10.linux64_1.0.0.202111181127/tools/bin/../lib/gcc/arm-none-eabi/10.3.1/thumb/v7e-m+fp/hard/libgcc.a(_arm_fixdfsi.o)
                0x00000000080008b4                __fixdfsi
                0x00000000080008b4                __aeabi_d2iz
 .text          0x0000000008000904       0xa0 /app/stm32cubeide/plugins/com.st.stm32cube.ide.mcu.externaltools.gnu-tools-for-stm32.10.3-2021.10.linux64_1.0.0.202111181127/tools/bin/../lib/gcc/arm-none-eabi/10.3.1/thumb/v7e-m+fp/hard/libgcc.a(_arm_truncdfsf2.o)
                0x0000000008000904                __aeabi_d2f
                0x0000000008000904                __truncdfsf2
 .text          0x00000000080009a4       0x30 /app/stm32cubeide/plugins/com.st.stm32cube.ide.mcu.externaltools.gnu-tools-for-stm32.10.3-2021.10.linux64_1.0.0.202111181127/tools/bin/../lib/gcc/arm-none-eabi/10.3.1/thumb/v7e-m+fp/hard/libgcc.a(_aeabi_uldivmod.o)
                0x00000000080009a4                __aeabi_uldivmod
 .text          0x00000000080009d4      0x2d0 /app/stm32cubeide/plugins/com.st.stm32cube.ide.mcu.externaltools.gnu-tools-for-stm32.10.3-2021.10.linux64_1.0.0.202111181127/tools/bin/../lib/gcc/arm-none-eabi/10.3.1/thumb/v7e-m+fp/hard/libgcc.a(_udivmoddi4.o)
                0x00000000080009d4                __udivmoddi4
 .text          0x0000000008000ca4        0x4 /app/stm32cubeide/plugins/com.st.stm32cube.ide.mcu.externaltools.gnu-tools-for-stm32.10.3-2021.10.linux64_1.0.0.202111181127/tools/bin/../lib/gcc/arm-none-eabi/10.3.1/thumb/v7e-m+fp/hard/libgcc.a(_dvmd_tls.o)
                0x0000000008000ca4                __aeabi_ldiv0
                0x0000000008000ca4                __aeabi_idiv0
 *(.text*)
 .text.Codec_Write
                0x0000000008000ca8       0x4c ./Core/Src/codec.o
                0x0000000008000ca8                Codec_Write
 .text.Codec_Init
                0x0000000008000cf4       0xe4 ./Core/Src/codec.o
                0x0000000008000cf4                Codec_Init
 .text.Codec_Play
                0x0000000008000dd8       0x54 ./Core/Src/codec.o
                0x0000000008000dd8                Codec_Play
 .text.Codec_SetVolume
                0x0000000008000e2c       0xa8 ./Core/Src/codec.o
                0x0000000008000e2c                Codec_SetVolume
 .text.Codec_SetMute
                0x0000000008000ed4       0x8c ./Core/Src/codec.o
                0x0000000008000ed4                Codec_SetMute
 .text.MX_DMA_Init
                0x0000000008000f60       0x40 ./Core/Src/dma.o
                0x0000000008000f60                MX_DMA_Init
 .text.MX_GPIO_Init
                0x0000000008000fa0       0xf8 ./Core/Src/gpio.o
                0x0000000008000fa0                MX_GPIO_Init
 .text.MX_I2C1_Init
                0x0000000008001098       0x5c ./Core/Src/i2c.o
                0x0000000008001098                MX_I2C1_Init
 .text.HAL_I2C_MspInit
                0x00000000080010f4       0x90 ./Core/Src/i2c.o
                0x00000000080010f4                HAL_I2C_MspInit
 .text.MX_I2S3_Init
                0x0000000008001184       0x5c ./Core/Src/i2s.o
                0x0000000008001184                MX_I2S3_Init
 .text.HAL_I2S_MspInit
                0x00000000080011e0      0x184 ./Core/Src/i2s.o
                0x00000000080011e0                HAL_I2S_MspInit
 .text.main     0x0000000008001364       0xb8 ./Core/Src/main.o
                0x0000000008001364                main
 .text.SystemClock_Config
                0x000000000800141c       0xd0 ./Core/Src/main.o
                0x000000000800141c                SystemClock_Config
 .text.Error_Handler
                0x00000000080014ec       0x1c ./Core/Src/main.o
                0x00000000080014ec                Error_Handler
 .text.HAL_MspInit
                0x0000000008001508       0x50 ./Core/Src/stm32f4xx_hal_msp.o
                0x0000000008001508                HAL_MspInit
 .text.NMI_Handler
                0x0000000008001558        0x6 ./Core/Src/stm32f4xx_it.o
                0x0000000008001558                NMI_Handler
 .text.HardFault_Handler
                0x000000000800155e        0x6 ./Core/Src/stm32f4xx_it.o
                0x000000000800155e                HardFault_Handler
 .text.MemManage_Handler
                0x0000000008001564        0x6 ./Core/Src/stm32f4xx_it.o
                0x0000000008001564                MemManage_Handler
 .text.BusFault_Handler
                0x000000000800156a        0x6 ./Core/Src/stm32f4xx_it.o
                0x000000000800156a                BusFault_Handler
 .text.UsageFault_Handler
                0x0000000008001570        0x6 ./Core/Src/stm32f4xx_it.o
                0x0000000008001570                UsageFault_Handler
 .text.SVC_Handler
                0x0000000008001576        0xe ./Core/Src/stm32f4xx_it.o
                0x0000000008001576                SVC_Handler
 .text.DebugMon_Handler
                0x0000000008001584        0xe ./Core/Src/stm32f4xx_it.o
                0x0000000008001584                DebugMon_Handler
 .text.PendSV_Handler
                0x0000000008001592        0xe ./Core/Src/stm32f4xx_it.o
                0x0000000008001592                PendSV_Handler
 .text.SysTick_Handler
                0x00000000080015a0        0xc ./Core/Src/stm32f4xx_it.o
                0x00000000080015a0                SysTick_Handler
 .text.DMA1_Stream5_IRQHandler
                0x00000000080015ac       0x14 ./Core/Src/stm32f4xx_it.o
                0x00000000080015ac                DMA1_Stream5_IRQHandler
 .text.Synth_Init
                0x00000000080015c0       0x20 ./Core/Src/synth.o
                0x00000000080015c0                Synth_Init
 .text.Synth_Play
                0x00000000080015e0       0x1c ./Core/Src/synth.o
                0x00000000080015e0                Synth_Play
 .text.UpdateAudioBuffer
                0x00000000080015fc       0xb0 ./Core/Src/synth.o
 .text.HAL_I2S_TxHalfCpltCallback
                0x00000000080016ac       0x18 ./Core/Src/synth.o
                0x00000000080016ac                HAL_I2S_TxHalfCpltCallback
 .text.HAL_I2S_TxCpltCallback
                0x00000000080016c4       0x1a ./Core/Src/synth.o
                0x00000000080016c4                HAL_I2S_TxCpltCallback
 *fill*         0x00000000080016de        0x2 
 .text.SystemInit
                0x00000000080016e0       0x24 ./Core/Src/system_stm32f4xx.o
                0x00000000080016e0                SystemInit
 .text.sineWavetableInit
                0x0000000008001704       0x70 ./Core/Src/wavetable.o
 .text.Wavetable_Init
                0x0000000008001774       0x60 ./Core/Src/wavetable.o
                0x0000000008001774                Wavetable_Init
 .text.Wavetable_NoteOn
                0x00000000080017d4       0x4c ./Core/Src/wavetable.o
                0x00000000080017d4                Wavetable_NoteOn
 .text.Wavetable_GetSamples
                0x0000000008001820       0xa8 ./Core/Src/wavetable.o
                0x0000000008001820                Wavetable_GetSamples
 .text.Reset_Handler
                0x00000000080018c8       0x50 ./Core/Startup/startup_stm32f411vetx.o
                0x00000000080018c8                Reset_Handler
 .text.Default_Handler
                0x0000000008001918        0x2 ./Core/Startup/startup_stm32f411vetx.o
                0x0000000008001918                RTC_Alarm_IRQHandler
                0x0000000008001918                EXTI2_IRQHandler
                0x0000000008001918                SPI4_IRQHandler
                0x0000000008001918                TIM1_CC_IRQHandler
                0x0000000008001918                DMA2_Stream5_IRQHandler
                0x0000000008001918                PVD_IRQHandler
                0x0000000008001918                SDIO_IRQHandler
                0x0000000008001918                TAMP_STAMP_IRQHandler
                0x0000000008001918                EXTI3_IRQHandler
                0x0000000008001918                TIM1_UP_TIM10_IRQHandler
                0x0000000008001918                I2C3_ER_IRQHandler
                0x0000000008001918                EXTI0_IRQHandler
                0x0000000008001918                I2C2_EV_IRQHandler
                0x0000000008001918                DMA1_Stream2_IRQHandler
                0x0000000008001918                FPU_IRQHandler
                0x0000000008001918                DMA2_Stream2_IRQHandler
                0x0000000008001918                SPI1_IRQHandler
                0x0000000008001918                TIM1_BRK_TIM9_IRQHandler
                0x0000000008001918                DMA2_Stream3_IRQHandler
                0x0000000008001918                USART6_IRQHandler
                0x0000000008001918                DMA2_Stream0_IRQHandler
                0x0000000008001918                TIM4_IRQHandler
                0x0000000008001918                I2C1_EV_IRQHandler
                0x0000000008001918                DMA1_Stream6_IRQHandler
                0x0000000008001918                DMA1_Stream1_IRQHandler
                0x0000000008001918                TIM3_IRQHandler
                0x0000000008001918                RCC_IRQHandler
                0x0000000008001918                Default_Handler
                0x0000000008001918                EXTI15_10_IRQHandler
                0x0000000008001918                ADC_IRQHandler
                0x0000000008001918                DMA1_Stream7_IRQHandler
                0x0000000008001918                SPI5_IRQHandler
                0x0000000008001918                TIM5_IRQHandler
                0x0000000008001918                DMA2_Stream7_IRQHandler
                0x0000000008001918                I2C3_EV_IRQHandler
                0x0000000008001918                EXTI9_5_IRQHandler
                0x0000000008001918                RTC_WKUP_IRQHandler
                0x0000000008001918                SPI2_IRQHandler
                0x0000000008001918                DMA1_Stream0_IRQHandler
                0x0000000008001918                EXTI4_IRQHandler
                0x0000000008001918                WWDG_IRQHandler
                0x0000000008001918                TIM2_IRQHandler
                0x0000000008001918                OTG_FS_WKUP_IRQHandler
                0x0000000008001918                TIM1_TRG_COM_TIM11_IRQHandler
                0x0000000008001918                EXTI1_IRQHandler
                0x0000000008001918                USART2_IRQHandler
                0x0000000008001918                I2C2_ER_IRQHandler
                0x0000000008001918                DMA2_Stream1_IRQHandler
                0x0000000008001918                FLASH_IRQHandler
                0x0000000008001918                DMA2_Stream4_IRQHandler
                0x0000000008001918                USART1_IRQHandler
                0x0000000008001918                OTG_FS_IRQHandler
                0x0000000008001918                SPI3_IRQHandler
                0x0000000008001918                DMA1_Stream4_IRQHandler
                0x0000000008001918                I2C1_ER_IRQHandler
                0x0000000008001918                DMA2_Stream6_IRQHandler
                0x0000000008001918                DMA1_Stream3_IRQHandler
 *fill*         0x000000000800191a        0x2 
 .text.HAL_Init
                0x000000000800191c       0x44 ./Drivers/STM32F4xx_HAL_Driver/Src/stm32f4xx_hal.o
                0x000000000800191c                HAL_Init
 .text.HAL_InitTick
                0x0000000008001960       0x60 ./Drivers/STM32F4xx_HAL_Driver/Src/stm32f4xx_hal.o
                0x0000000008001960                HAL_InitTick
 .text.HAL_IncTick
                0x00000000080019c0       0x28 ./Drivers/STM32F4xx_HAL_Driver/Src/stm32f4xx_hal.o
                0x00000000080019c0                HAL_IncTick
 .text.HAL_GetTick
                0x00000000080019e8       0x18 ./Drivers/STM32F4xx_HAL_Driver/Src/stm32f4xx_hal.o
                0x00000000080019e8                HAL_GetTick
 .text.__NVIC_SetPriorityGrouping
                0x0000000008001a00       0x48 ./Drivers/STM32F4xx_HAL_Driver/Src/stm32f4xx_hal_cortex.o
 .text.__NVIC_GetPriorityGrouping
                0x0000000008001a48       0x1c ./Drivers/STM32F4xx_HAL_Driver/Src/stm32f4xx_hal_cortex.o
 .text.__NVIC_EnableIRQ
                0x0000000008001a64       0x3c ./Drivers/STM32F4xx_HAL_Driver/Src/stm32f4xx_hal_cortex.o
 .text.__NVIC_SetPriority
                0x0000000008001aa0       0x54 ./Drivers/STM32F4xx_HAL_Driver/Src/stm32f4xx_hal_cortex.o
 .text.NVIC_EncodePriority
                0x0000000008001af4       0x66 ./Drivers/STM32F4xx_HAL_Driver/Src/stm32f4xx_hal_cortex.o
 *fill*         0x0000000008001b5a        0x2 
 .text.SysTick_Config
                0x0000000008001b5c       0x44 ./Drivers/STM32F4xx_HAL_Driver/Src/stm32f4xx_hal_cortex.o
 .text.HAL_NVIC_SetPriorityGrouping
                0x0000000008001ba0       0x16 ./Drivers/STM32F4xx_HAL_Driver/Src/stm32f4xx_hal_cortex.o
                0x0000000008001ba0                HAL_NVIC_SetPriorityGrouping
 .text.HAL_NVIC_SetPriority
                0x0000000008001bb6       0x38 ./Drivers/STM32F4xx_HAL_Driver/Src/stm32f4xx_hal_cortex.o
                0x0000000008001bb6                HAL_NVIC_SetPriority
 .text.HAL_NVIC_EnableIRQ
                0x0000000008001bee       0x1c ./Drivers/STM32F4xx_HAL_Driver/Src/stm32f4xx_hal_cortex.o
                0x0000000008001bee                HAL_NVIC_EnableIRQ
 .text.HAL_SYSTICK_Config
                0x0000000008001c0a       0x18 ./Drivers/STM32F4xx_HAL_Driver/Src/stm32f4xx_hal_cortex.o
                0x0000000008001c0a                HAL_SYSTICK_Config
 *fill*         0x0000000008001c22        0x2 
 .text.HAL_DMA_Init
                0x0000000008001c24      0x15c ./Drivers/STM32F4xx_HAL_Driver/Src/stm32f4xx_hal_dma.o
                0x0000000008001c24                HAL_DMA_Init
 .text.HAL_DMA_Start_IT
                0x0000000008001d80       0xb0 ./Drivers/STM32F4xx_HAL_Driver/Src/stm32f4xx_hal_dma.o
                0x0000000008001d80                HAL_DMA_Start_IT
 .text.HAL_DMA_IRQHandler
                0x0000000008001e30      0x314 ./Drivers/STM32F4xx_HAL_Driver/Src/stm32f4xx_hal_dma.o
                0x0000000008001e30                HAL_DMA_IRQHandler
 .text.DMA_SetConfig
                0x0000000008002144       0x5c ./Drivers/STM32F4xx_HAL_Driver/Src/stm32f4xx_hal_dma.o
 .text.DMA_CalcBaseAndBitshift
                0x00000000080021a0       0x6c ./Drivers/STM32F4xx_HAL_Driver/Src/stm32f4xx_hal_dma.o
 .text.DMA_CheckFifoParam
                0x000000000800220c       0xf8 ./Drivers/STM32F4xx_HAL_Driver/Src/stm32f4xx_hal_dma.o
 .text.HAL_GPIO_Init
                0x0000000008002304      0x308 ./Drivers/STM32F4xx_HAL_Driver/Src/stm32f4xx_hal_gpio.o
                0x0000000008002304                HAL_GPIO_Init
 .text.HAL_GPIO_ReadPin
                0x000000000800260c       0x30 ./Drivers/STM32F4xx_HAL_Driver/Src/stm32f4xx_hal_gpio.o
                0x000000000800260c                HAL_GPIO_ReadPin
 .text.HAL_GPIO_WritePin
                0x000000000800263c       0x32 ./Drivers/STM32F4xx_HAL_Driver/Src/stm32f4xx_hal_gpio.o
                0x000000000800263c                HAL_GPIO_WritePin
 *fill*         0x000000000800266e        0x2 
 .text.HAL_I2C_Init
                0x0000000008002670      0x288 ./Drivers/STM32F4xx_HAL_Driver/Src/stm32f4xx_hal_i2c.o
                0x0000000008002670                HAL_I2C_Init
 .text.HAL_I2C_Mem_Write
                0x00000000080028f8      0x1f4 ./Drivers/STM32F4xx_HAL_Driver/Src/stm32f4xx_hal_i2c.o
                0x00000000080028f8                HAL_I2C_Mem_Write
 .text.I2C_RequestMemoryWrite
                0x0000000008002aec      0x12c ./Drivers/STM32F4xx_HAL_Driver/Src/stm32f4xx_hal_i2c.o
 .text.I2C_WaitOnFlagUntilTimeout
                0x0000000008002c18       0xae ./Drivers/STM32F4xx_HAL_Driver/Src/stm32f4xx_hal_i2c.o
 .text.I2C_WaitOnMasterAddressFlagUntilTimeout
                0x0000000008002cc6       0xfe ./Drivers/STM32F4xx_HAL_Driver/Src/stm32f4xx_hal_i2c.o
 .text.I2C_WaitOnTXEFlagUntilTimeout
                0x0000000008002dc4       0x82 ./Drivers/STM32F4xx_HAL_Driver/Src/stm32f4xx_hal_i2c.o
 .text.I2C_WaitOnBTFFlagUntilTimeout
                0x0000000008002e46       0x82 ./Drivers/STM32F4xx_HAL_Driver/Src/stm32f4xx_hal_i2c.o
 .text.I2C_IsAcknowledgeFailed
                0x0000000008002ec8       0x5e ./Drivers/STM32F4xx_HAL_Driver/Src/stm32f4xx_hal_i2c.o
 *fill*         0x0000000008002f26        0x2 
 .text.HAL_I2S_Init
                0x0000000008002f28      0x280 ./Drivers/STM32F4xx_HAL_Driver/Src/stm32f4xx_hal_i2s.o
                0x0000000008002f28                HAL_I2S_Init
 .text.HAL_I2S_Transmit_DMA
                0x00000000080031a8      0x150 ./Drivers/STM32F4xx_HAL_Driver/Src/stm32f4xx_hal_i2s.o
                0x00000000080031a8                HAL_I2S_Transmit_DMA
 .text.HAL_I2S_RxCpltCallback
                0x00000000080032f8       0x14 ./Drivers/STM32F4xx_HAL_Driver/Src/stm32f4xx_hal_i2s.o
                0x00000000080032f8                HAL_I2S_RxCpltCallback
 .text.HAL_I2S_ErrorCallback
                0x000000000800330c       0x14 ./Drivers/STM32F4xx_HAL_Driver/Src/stm32f4xx_hal_i2s.o
                0x000000000800330c                HAL_I2S_ErrorCallback
 .text.I2S_DMATxCplt
                0x0000000008003320       0x42 ./Drivers/STM32F4xx_HAL_Driver/Src/stm32f4xx_hal_i2s.o
 .text.I2S_DMATxHalfCplt
                0x0000000008003362       0x1c ./Drivers/STM32F4xx_HAL_Driver/Src/stm32f4xx_hal_i2s.o
 .text.I2S_DMAError
                0x000000000800337e       0x4c ./Drivers/STM32F4xx_HAL_Driver/Src/stm32f4xx_hal_i2s.o
 .text.I2S_Transmit_IT
                0x00000000080033ca       0x5c ./Drivers/STM32F4xx_HAL_Driver/Src/stm32f4xx_hal_i2s.o
 .text.I2S_Receive_IT
                0x0000000008003426       0x5e ./Drivers/STM32F4xx_HAL_Driver/Src/stm32f4xx_hal_i2s.o
 .text.I2S_IRQHandler
                0x0000000008003484      0x114 ./Drivers/STM32F4xx_HAL_Driver/Src/stm32f4xx_hal_i2s.o
 .text.HAL_I2SEx_FullDuplex_IRQHandler
                0x0000000008003598      0x2a8 ./Drivers/STM32F4xx_HAL_Driver/Src/stm32f4xx_hal_i2s_ex.o
                0x0000000008003598                HAL_I2SEx_FullDuplex_IRQHandler
 .text.HAL_I2SEx_TxRxCpltCallback
                0x0000000008003840       0x14 ./Drivers/STM32F4xx_HAL_Driver/Src/stm32f4xx_hal_i2s_ex.o
                0x0000000008003840                HAL_I2SEx_TxRxCpltCallback
 .text.I2SEx_TxISR_I2S
                0x0000000008003854       0x62 ./Drivers/STM32F4xx_HAL_Driver/Src/stm32f4xx_hal_i2s_ex.o
 *fill*         0x00000000080038b6        0x2 
 .text.I2SEx_TxISR_I2SExt
                0x00000000080038b8       0x98 ./Drivers/STM32F4xx_HAL_Driver/Src/stm32f4xx_hal_i2s_ex.o
 .text.I2SEx_RxISR_I2S
                0x0000000008003950       0x64 ./Drivers/STM32F4xx_HAL_Driver/Src/stm32f4xx_hal_i2s_ex.o
 .text.I2SEx_RxISR_I2SExt
                0x00000000080039b4       0x98 ./Drivers/STM32F4xx_HAL_Driver/Src/stm32f4xx_hal_i2s_ex.o
 .text.HAL_RCC_OscConfig
                0x0000000008003a4c      0x4f0 ./Drivers/STM32F4xx_HAL_Driver/Src/stm32f4xx_hal_rcc.o
                0x0000000008003a4c                HAL_RCC_OscConfig
 .text.HAL_RCC_ClockConfig
                0x0000000008003f3c      0x1cc ./Drivers/STM32F4xx_HAL_Driver/Src/stm32f4xx_hal_rcc.o
                0x0000000008003f3c                HAL_RCC_ClockConfig
 .text.HAL_RCC_GetSysClockFreq
                0x0000000008004108      0x20c ./Drivers/STM32F4xx_HAL_Driver/Src/stm32f4xx_hal_rcc.o
                0x0000000008004108                HAL_RCC_GetSysClockFreq
 .text.HAL_RCC_GetHCLKFreq
                0x0000000008004314       0x18 ./Drivers/STM32F4xx_HAL_Driver/Src/stm32f4xx_hal_rcc.o
                0x0000000008004314                HAL_RCC_GetHCLKFreq
 .text.HAL_RCC_GetPCLK1Freq
                0x000000000800432c       0x28 ./Drivers/STM32F4xx_HAL_Driver/Src/stm32f4xx_hal_rcc.o
                0x000000000800432c                HAL_RCC_GetPCLK1Freq
 .text.HAL_RCCEx_PeriphCLKConfig
                0x0000000008004354      0x1e0 ./Drivers/STM32F4xx_HAL_Driver/Src/stm32f4xx_hal_rcc_ex.o
                0x0000000008004354                HAL_RCCEx_PeriphCLKConfig
 .text.HAL_RCCEx_GetPeriphCLKFreq
                0x0000000008004534       0xc0 ./Drivers/STM32F4xx_HAL_Driver/Src/stm32f4xx_hal_rcc_ex.o
                0x0000000008004534                HAL_RCCEx_GetPeriphCLKFreq
 .text.__libc_init_array
                0x00000000080045f4       0x48 /app/stm32cubeide/plugins/com.st.stm32cube.ide.mcu.externaltools.gnu-tools-for-stm32.10.3-2021.10.linux64_1.0.0.202111181127/tools/bin/../lib/gcc/arm-none-eabi/10.3.1/../../../../arm-none-eabi/lib/thumb/v7e-m+fp/hard/libc_nano.a(lib_a-init.o)
                0x00000000080045f4                __libc_init_array
 .text.memset   0x000000000800463c       0x10 /app/stm32cubeide/plugins/com.st.stm32cube.ide.mcu.externaltools.gnu-tools-for-stm32.10.3-2021.10.linux64_1.0.0.202111181127/tools/bin/../lib/gcc/arm-none-eabi/10.3.1/../../../../arm-none-eabi/lib/thumb/v7e-m+fp/hard/libc_nano.a(lib_a-memset.o)
                0x000000000800463c                memset
 *fill*         0x000000000800464c        0x4 
 .text.sin      0x0000000008004650       0xb0 /app/stm32cubeide/plugins/com.st.stm32cube.ide.mcu.externaltools.gnu-tools-for-stm32.10.3-2021.10.linux64_1.0.0.202111181127/tools/bin/../lib/gcc/arm-none-eabi/10.3.1/../../../../arm-none-eabi/lib/thumb/v7e-m+fp/hard/libm.a(lib_a-s_sin.o)
                0x0000000008004650                sin
 .text.__ieee754_rem_pio2
                0x0000000008004700      0x418 /app/stm32cubeide/plugins/com.st.stm32cube.ide.mcu.externaltools.gnu-tools-for-stm32.10.3-2021.10.linux64_1.0.0.202111181127/tools/bin/../lib/gcc/arm-none-eabi/10.3.1/../../../../arm-none-eabi/lib/thumb/v7e-m+fp/hard/libm.a(lib_a-e_rem_pio2.o)
                0x0000000008004700                __ieee754_rem_pio2
 .text.__kernel_cos
                0x0000000008004b18      0x18c /app/stm32cubeide/plugins/com.st.stm32cube.ide.mcu.externaltools.gnu-tools-for-stm32.10.3-2021.10.linux64_1.0.0.202111181127/tools/bin/../lib/gcc/arm-none-eabi/10.3.1/../../../../arm-none-eabi/lib/thumb/v7e-m+fp/hard/libm.a(lib_a-k_cos.o)
                0x0000000008004b18                __kernel_cos
 *fill*         0x0000000008004ca4        0x4 
 .text.__kernel_rem_pio2
                0x0000000008004ca8      0x69c /app/stm32cubeide/plugins/com.st.stm32cube.ide.mcu.externaltools.gnu-tools-for-stm32.10.3-2021.10.linux64_1.0.0.202111181127/tools/bin/../lib/gcc/arm-none-eabi/10.3.1/../../../../arm-none-eabi/lib/thumb/v7e-m+fp/hard/libm.a(lib_a-k_rem_pio2.o)
                0x0000000008004ca8                __kernel_rem_pio2
 *fill*         0x0000000008005344        0x4 
 .text.__kernel_sin
                0x0000000008005348      0x17c /app/stm32cubeide/plugins/com.st.stm32cube.ide.mcu.externaltools.gnu-tools-for-stm32.10.3-2021.10.linux64_1.0.0.202111181127/tools/bin/../lib/gcc/arm-none-eabi/10.3.1/../../../../arm-none-eabi/lib/thumb/v7e-m+fp/hard/libm.a(lib_a-k_sin.o)
                0x0000000008005348                __kernel_sin
 .text.fabs     0x00000000080054c4       0x12 /app/stm32cubeide/plugins/com.st.stm32cube.ide.mcu.externaltools.gnu-tools-for-stm32.10.3-2021.10.linux64_1.0.0.202111181127/tools/bin/../lib/gcc/arm-none-eabi/10.3.1/../../../../arm-none-eabi/lib/thumb/v7e-m+fp/hard/libm.a(lib_a-s_fabs.o)
                0x00000000080054c4                fabs
 *fill*         0x00000000080054d6        0x2 
 .text.floor    0x00000000080054d8      0x100 /app/stm32cubeide/plugins/com.st.stm32cube.ide.mcu.externaltools.gnu-tools-for-stm32.10.3-2021.10.linux64_1.0.0.202111181127/tools/bin/../lib/gcc/arm-none-eabi/10.3.1/../../../../arm-none-eabi/lib/thumb/v7e-m+fp/hard/libm.a(lib_a-s_floor.o)
                0x00000000080054d8                floor
 .text.scalbn   0x00000000080055d8      0x10c /app/stm32cubeide/plugins/com.st.stm32cube.ide.mcu.externaltools.gnu-tools-for-stm32.10.3-2021.10.linux64_1.0.0.202111181127/tools/bin/../lib/gcc/arm-none-eabi/10.3.1/../../../../arm-none-eabi/lib/thumb/v7e-m+fp/hard/libm.a(lib_a-s_scalbn.o)
                0x00000000080055d8                scalbn
 *(.glue_7)
 .glue_7        0x00000000080056e4        0x0 linker stubs
 *(.glue_7t)
 .glue_7t       0x00000000080056e4        0x0 linker stubs
 *(.eh_frame)
 .eh_frame      0x00000000080056e4        0x0 /app/stm32cubeide/plugins/com.st.stm32cube.ide.mcu.externaltools.gnu-tools-for-stm32.10.3-2021.10.linux64_1.0.0.202111181127/tools/bin/../lib/gcc/arm-none-eabi/10.3.1/thumb/v7e-m+fp/hard/crtbegin.o
 *(.init)
 .init          0x00000000080056e4        0x4 /app/stm32cubeide/plugins/com.st.stm32cube.ide.mcu.externaltools.gnu-tools-for-stm32.10.3-2021.10.linux64_1.0.0.202111181127/tools/bin/../lib/gcc/arm-none-eabi/10.3.1/thumb/v7e-m+fp/hard/crti.o
                0x00000000080056e4                _init
 .init          0x00000000080056e8        0x8 /app/stm32cubeide/plugins/com.st.stm32cube.ide.mcu.externaltools.gnu-tools-for-stm32.10.3-2021.10.linux64_1.0.0.202111181127/tools/bin/../lib/gcc/arm-none-eabi/10.3.1/thumb/v7e-m+fp/hard/crtn.o
 *(.fini)
 .fini          0x00000000080056f0        0x4 /app/stm32cubeide/plugins/com.st.stm32cube.ide.mcu.externaltools.gnu-tools-for-stm32.10.3-2021.10.linux64_1.0.0.202111181127/tools/bin/../lib/gcc/arm-none-eabi/10.3.1/thumb/v7e-m+fp/hard/crti.o
                0x00000000080056f0                _fini
 .fini          0x00000000080056f4        0x8 /app/stm32cubeide/plugins/com.st.stm32cube.ide.mcu.externaltools.gnu-tools-for-stm32.10.3-2021.10.linux64_1.0.0.202111181127/tools/bin/../lib/gcc/arm-none-eabi/10.3.1/thumb/v7e-m+fp/hard/crtn.o
                0x00000000080056fc                . = ALIGN (0x4)
                0x00000000080056fc                _etext = .

.vfp11_veneer   0x00000000080056fc        0x0
 .vfp11_veneer  0x00000000080056fc        0x0 linker stubs

.v4_bx          0x00000000080056fc        0x0
 .v4_bx         0x00000000080056fc        0x0 linker stubs

.iplt           0x00000000080056fc        0x0
 .iplt          0x00000000080056fc        0x0 /app/stm32cubeide/plugins/com.st.stm32cube.ide.mcu.externaltools.gnu-tools-for-stm32.10.3-2021.10.linux64_1.0.0.202111181127/tools/bin/../lib/gcc/arm-none-eabi/10.3.1/thumb/v7e-m+fp/hard/crtbegin.o

.rodata         0x0000000008005700      0x1f8
                0x0000000008005700                . = ALIGN (0x4)
 *(.rodata)
 *(.rodata*)
 .rodata.AHBPrescTable
                0x0000000008005700       0x10 ./Core/Src/system_stm32f4xx.o
                0x0000000008005700                AHBPrescTable
 .rodata.APBPrescTable
                0x0000000008005710        0x8 ./Core/Src/system_stm32f4xx.o
                0x0000000008005710                APBPrescTable
 .rodata.flagBitshiftOffset.0
                0x0000000008005718        0x8 ./Drivers/STM32F4xx_HAL_Driver/Src/stm32f4xx_hal_dma.o
 .rodata.npio2_hw
                0x0000000008005720       0x80 /app/stm32cubeide/plugins/com.st.stm32cube.ide.mcu.externaltools.gnu-tools-for-stm32.10.3-2021.10.linux64_1.0.0.202111181127/tools/bin/../lib/gcc/arm-none-eabi/10.3.1/../../../../arm-none-eabi/lib/thumb/v7e-m+fp/hard/libm.a(lib_a-e_rem_pio2.o)
 .rodata.two_over_pi
                0x00000000080057a0      0x108 /app/stm32cubeide/plugins/com.st.stm32cube.ide.mcu.externaltools.gnu-tools-for-stm32.10.3-2021.10.linux64_1.0.0.202111181127/tools/bin/../lib/gcc/arm-none-eabi/10.3.1/../../../../arm-none-eabi/lib/thumb/v7e-m+fp/hard/libm.a(lib_a-e_rem_pio2.o)
 .rodata.PIo2   0x00000000080058a8       0x40 /app/stm32cubeide/plugins/com.st.stm32cube.ide.mcu.externaltools.gnu-tools-for-stm32.10.3-2021.10.linux64_1.0.0.202111181127/tools/bin/../lib/gcc/arm-none-eabi/10.3.1/../../../../arm-none-eabi/lib/thumb/v7e-m+fp/hard/libm.a(lib_a-k_rem_pio2.o)
 .rodata.init_jk
                0x00000000080058e8       0x10 /app/stm32cubeide/plugins/com.st.stm32cube.ide.mcu.externaltools.gnu-tools-for-stm32.10.3-2021.10.linux64_1.0.0.202111181127/tools/bin/../lib/gcc/arm-none-eabi/10.3.1/../../../../arm-none-eabi/lib/thumb/v7e-m+fp/hard/libm.a(lib_a-k_rem_pio2.o)
                0x00000000080058f8                . = ALIGN (0x4)

.ARM.extab      0x00000000080058f8        0x0
                0x00000000080058f8                . = ALIGN (0x4)
 *(.ARM.extab* .gnu.linkonce.armextab.*)
                0x00000000080058f8                . = ALIGN (0x4)

.ARM            0x00000000080058f8        0x8
                0x00000000080058f8                . = ALIGN (0x4)
                0x00000000080058f8                __exidx_start = .
 *(.ARM.exidx*)
 .ARM.exidx     0x00000000080058f8        0x8 /app/stm32cubeide/plugins/com.st.stm32cube.ide.mcu.externaltools.gnu-tools-for-stm32.10.3-2021.10.linux64_1.0.0.202111181127/tools/bin/../lib/gcc/arm-none-eabi/10.3.1/thumb/v7e-m+fp/hard/libgcc.a(_udivmoddi4.o)
                0x0000000008005900                __exidx_end = .
                0x0000000008005900                . = ALIGN (0x4)

.rel.dyn        0x0000000008005900        0x0
 .rel.iplt      0x0000000008005900        0x0 /app/stm32cubeide/plugins/com.st.stm32cube.ide.mcu.externaltools.gnu-tools-for-stm32.10.3-2021.10.linux64_1.0.0.202111181127/tools/bin/../lib/gcc/arm-none-eabi/10.3.1/thumb/v7e-m+fp/hard/crtbegin.o

.preinit_array  0x0000000008005900        0x0
                0x0000000008005900                . = ALIGN (0x4)
                0x0000000008005900                PROVIDE (__preinit_array_start = .)
 *(.preinit_array*)
                0x0000000008005900                PROVIDE (__preinit_array_end = .)
                0x0000000008005900                . = ALIGN (0x4)

.init_array     0x0000000008005900        0x4
                0x0000000008005900                . = ALIGN (0x4)
                0x0000000008005900                PROVIDE (__init_array_start = .)
 *(SORT_BY_NAME(.init_array.*))
 *(.init_array*)
 .init_array    0x0000000008005900        0x4 /app/stm32cubeide/plugins/com.st.stm32cube.ide.mcu.externaltools.gnu-tools-for-stm32.10.3-2021.10.linux64_1.0.0.202111181127/tools/bin/../lib/gcc/arm-none-eabi/10.3.1/thumb/v7e-m+fp/hard/crtbegin.o
                0x0000000008005904                PROVIDE (__init_array_end = .)
                0x0000000008005904                . = ALIGN (0x4)

.fini_array     0x0000000008005904        0x4
                0x0000000008005904                . = ALIGN (0x4)
                [!provide]                        PROVIDE (__fini_array_start = .)
 *(SORT_BY_NAME(.fini_array.*))
 *(.fini_array*)
 .fini_array    0x0000000008005904        0x4 /app/stm32cubeide/plugins/com.st.stm32cube.ide.mcu.externaltools.gnu-tools-for-stm32.10.3-2021.10.linux64_1.0.0.202111181127/tools/bin/../lib/gcc/arm-none-eabi/10.3.1/thumb/v7e-m+fp/hard/crtbegin.o
                [!provide]                        PROVIDE (__fini_array_end = .)
                0x0000000008005908                . = ALIGN (0x4)
                0x0000000008005908                _sidata = LOADADDR (.data)

.data           0x0000000020000000       0x10 load address 0x0000000008005908
                0x0000000020000000                . = ALIGN (0x4)
                0x0000000020000000                _sdata = .
 *(.data)
 *(.data*)
 .data.is_codec_stopped
                0x0000000020000000        0x1 ./Core/Src/codec.o
 *fill*         0x0000000020000001        0x3 
 .data.SystemCoreClock
                0x0000000020000004        0x4 ./Core/Src/system_stm32f4xx.o
                0x0000000020000004                SystemCoreClock
 .data.uwTickPrio
                0x0000000020000008        0x4 ./Drivers/STM32F4xx_HAL_Driver/Src/stm32f4xx_hal.o
                0x0000000020000008                uwTickPrio
 .data.uwTickFreq
                0x000000002000000c        0x1 ./Drivers/STM32F4xx_HAL_Driver/Src/stm32f4xx_hal.o
                0x000000002000000c                uwTickFreq
 *(.RamFunc)
 *(.RamFunc*)
                0x0000000020000010                . = ALIGN (0x4)
 *fill*         0x000000002000000d        0x3 
                0x0000000020000010                _edata = .

.igot.plt       0x0000000020000010        0x0 load address 0x0000000008005918
 .igot.plt      0x0000000020000010        0x0 /app/stm32cubeide/plugins/com.st.stm32cube.ide.mcu.externaltools.gnu-tools-for-stm32.10.3-2021.10.linux64_1.0.0.202111181127/tools/bin/../lib/gcc/arm-none-eabi/10.3.1/thumb/v7e-m+fp/hard/crtbegin.o
                0x0000000020000010                . = ALIGN (0x4)

.bss            0x0000000020000010     0x4c70 load address 0x0000000008005918
                0x0000000020000010                _sbss = .
                0x0000000020000010                __bss_start__ = _sbss
 *(.bss)
 .bss           0x0000000020000010       0x1c /app/stm32cubeide/plugins/com.st.stm32cube.ide.mcu.externaltools.gnu-tools-for-stm32.10.3-2021.10.linux64_1.0.0.202111181127/tools/bin/../lib/gcc/arm-none-eabi/10.3.1/thumb/v7e-m+fp/hard/crtbegin.o
 *(.bss*)
 .bss.hi2c1     0x000000002000002c       0x54 ./Core/Src/i2c.o
                0x000000002000002c                hi2c1
 .bss.hi2s3     0x0000000020000080       0x48 ./Core/Src/i2s.o
                0x0000000020000080                hi2s3
 .bss.hdma_spi3_tx
                0x00000000200000c8       0x60 ./Core/Src/i2s.o
                0x00000000200000c8                hdma_spi3_tx
 .bss.audio_buffer
                0x0000000020000128      0x400 ./Core/Src/synth.o
                0x0000000020000128                audio_buffer
 .bss.wavetable
                0x0000000020000528       0x10 ./Core/Src/synth.o
                0x0000000020000528                wavetable
 .bss.buffer.0  0x0000000020000538      0x800 ./Core/Src/synth.o
 .bss.sine_wavetable
                0x0000000020000d38     0x3f40 ./Core/Src/wavetable.o
                0x0000000020000d38                sine_wavetable
 .bss.wavetables_initialized
                0x0000000020004c78        0x1 ./Core/Src/wavetable.o
 *fill*         0x0000000020004c79        0x3 
 .bss.uwTick    0x0000000020004c7c        0x4 ./Drivers/STM32F4xx_HAL_Driver/Src/stm32f4xx_hal.o
                0x0000000020004c7c                uwTick
 *(COMMON)
                0x0000000020004c80                . = ALIGN (0x4)
                0x0000000020004c80                _ebss = .
                0x0000000020004c80                __bss_end__ = _ebss

._user_heap_stack
                0x0000000020004c80      0x600 load address 0x0000000008005918
                0x0000000020004c80                . = ALIGN (0x8)
                [!provide]                        PROVIDE (end = .)
                0x0000000020004c80                PROVIDE (_end = .)
                0x0000000020004e80                . = (. + _Min_Heap_Size)
 *fill*         0x0000000020004c80      0x200 
                0x0000000020005280                . = (. + _Min_Stack_Size)
 *fill*         0x0000000020004e80      0x400 
                0x0000000020005280                . = ALIGN (0x8)

/DISCARD/
 libc.a(*)
 libm.a(*)
 libgcc.a(*)

.ARM.attributes
                0x0000000000000000       0x30
 *(.ARM.attributes)
 .ARM.attributes
                0x0000000000000000       0x1e /app/stm32cubeide/plugins/com.st.stm32cube.ide.mcu.externaltools.gnu-tools-for-stm32.10.3-2021.10.linux64_1.0.0.202111181127/tools/bin/../lib/gcc/arm-none-eabi/10.3.1/thumb/v7e-m+fp/hard/crti.o
 .ARM.attributes
                0x000000000000001e       0x34 /app/stm32cubeide/plugins/com.st.stm32cube.ide.mcu.externaltools.gnu-tools-for-stm32.10.3-2021.10.linux64_1.0.0.202111181127/tools/bin/../lib/gcc/arm-none-eabi/10.3.1/thumb/v7e-m+fp/hard/crtbegin.o
 .ARM.attributes
                0x0000000000000052       0x34 ./Core/Src/codec.o
 .ARM.attributes
                0x0000000000000086       0x34 ./Core/Src/dma.o
 .ARM.attributes
                0x00000000000000ba       0x34 ./Core/Src/gpio.o
 .ARM.attributes
                0x00000000000000ee       0x34 ./Core/Src/i2c.o
 .ARM.attributes
                0x0000000000000122       0x34 ./Core/Src/i2s.o
 .ARM.attributes
                0x0000000000000156       0x34 ./Core/Src/main.o
 .ARM.attributes
                0x000000000000018a       0x34 ./Core/Src/stm32f4xx_hal_msp.o
 .ARM.attributes
                0x00000000000001be       0x34 ./Core/Src/stm32f4xx_it.o
 .ARM.attributes
                0x00000000000001f2       0x34 ./Core/Src/synth.o
 .ARM.attributes
                0x0000000000000226       0x34 ./Core/Src/system_stm32f4xx.o
 .ARM.attributes
                0x000000000000025a       0x34 ./Core/Src/wavetable.o
 .ARM.attributes
                0x000000000000028e       0x21 ./Core/Startup/startup_stm32f411vetx.o
 .ARM.attributes
                0x00000000000002af       0x34 ./Drivers/STM32F4xx_HAL_Driver/Src/stm32f4xx_hal.o
 .ARM.attributes
                0x00000000000002e3       0x34 ./Drivers/STM32F4xx_HAL_Driver/Src/stm32f4xx_hal_cortex.o
 .ARM.attributes
                0x0000000000000317       0x34 ./Drivers/STM32F4xx_HAL_Driver/Src/stm32f4xx_hal_dma.o
 .ARM.attributes
                0x000000000000034b       0x34 ./Drivers/STM32F4xx_HAL_Driver/Src/stm32f4xx_hal_gpio.o
 .ARM.attributes
                0x000000000000037f       0x34 ./Drivers/STM32F4xx_HAL_Driver/Src/stm32f4xx_hal_i2c.o
 .ARM.attributes
                0x00000000000003b3       0x34 ./Drivers/STM32F4xx_HAL_Driver/Src/stm32f4xx_hal_i2s.o
 .ARM.attributes
                0x00000000000003e7       0x34 ./Drivers/STM32F4xx_HAL_Driver/Src/stm32f4xx_hal_i2s_ex.o
 .ARM.attributes
                0x000000000000041b       0x34 ./Drivers/STM32F4xx_HAL_Driver/Src/stm32f4xx_hal_rcc.o
 .ARM.attributes
                0x000000000000044f       0x34 ./Drivers/STM32F4xx_HAL_Driver/Src/stm32f4xx_hal_rcc_ex.o
 .ARM.attributes
                0x0000000000000483       0x34 /app/stm32cubeide/plugins/com.st.stm32cube.ide.mcu.externaltools.gnu-tools-for-stm32.10.3-2021.10.linux64_1.0.0.202111181127/tools/bin/../lib/gcc/arm-none-eabi/10.3.1/../../../../arm-none-eabi/lib/thumb/v7e-m+fp/hard/libc_nano.a(lib_a-init.o)
 .ARM.attributes
                0x00000000000004b7       0x34 /app/stm32cubeide/plugins/com.st.stm32cube.ide.mcu.externaltools.gnu-tools-for-stm32.10.3-2021.10.linux64_1.0.0.202111181127/tools/bin/../lib/gcc/arm-none-eabi/10.3.1/../../../../arm-none-eabi/lib/thumb/v7e-m+fp/hard/libc_nano.a(lib_a-memset.o)
 .ARM.attributes
                0x00000000000004eb       0x34 /app/stm32cubeide/plugins/com.st.stm32cube.ide.mcu.externaltools.gnu-tools-for-stm32.10.3-2021.10.linux64_1.0.0.202111181127/tools/bin/../lib/gcc/arm-none-eabi/10.3.1/../../../../arm-none-eabi/lib/thumb/v7e-m+fp/hard/libm.a(lib_a-s_sin.o)
 .ARM.attributes
                0x000000000000051f       0x34 /app/stm32cubeide/plugins/com.st.stm32cube.ide.mcu.externaltools.gnu-tools-for-stm32.10.3-2021.10.linux64_1.0.0.202111181127/tools/bin/../lib/gcc/arm-none-eabi/10.3.1/../../../../arm-none-eabi/lib/thumb/v7e-m+fp/hard/libm.a(lib_a-e_rem_pio2.o)
 .ARM.attributes
                0x0000000000000553       0x34 /app/stm32cubeide/plugins/com.st.stm32cube.ide.mcu.externaltools.gnu-tools-for-stm32.10.3-2021.10.linux64_1.0.0.202111181127/tools/bin/../lib/gcc/arm-none-eabi/10.3.1/../../../../arm-none-eabi/lib/thumb/v7e-m+fp/hard/libm.a(lib_a-k_cos.o)
 .ARM.attributes
                0x0000000000000587       0x34 /app/stm32cubeide/plugins/com.st.stm32cube.ide.mcu.externaltools.gnu-tools-for-stm32.10.3-2021.10.linux64_1.0.0.202111181127/tools/bin/../lib/gcc/arm-none-eabi/10.3.1/../../../../arm-none-eabi/lib/thumb/v7e-m+fp/hard/libm.a(lib_a-k_rem_pio2.o)
 .ARM.attributes
                0x00000000000005bb       0x34 /app/stm32cubeide/plugins/com.st.stm32cube.ide.mcu.externaltools.gnu-tools-for-stm32.10.3-2021.10.linux64_1.0.0.202111181127/tools/bin/../lib/gcc/arm-none-eabi/10.3.1/../../../../arm-none-eabi/lib/thumb/v7e-m+fp/hard/libm.a(lib_a-k_sin.o)
 .ARM.attributes
                0x00000000000005ef       0x34 /app/stm32cubeide/plugins/com.st.stm32cube.ide.mcu.externaltools.gnu-tools-for-stm32.10.3-2021.10.linux64_1.0.0.202111181127/tools/bin/../lib/gcc/arm-none-eabi/10.3.1/../../../../arm-none-eabi/lib/thumb/v7e-m+fp/hard/libm.a(lib_a-s_fabs.o)
 .ARM.attributes
                0x0000000000000623       0x34 /app/stm32cubeide/plugins/com.st.stm32cube.ide.mcu.externaltools.gnu-tools-for-stm32.10.3-2021.10.linux64_1.0.0.202111181127/tools/bin/../lib/gcc/arm-none-eabi/10.3.1/../../../../arm-none-eabi/lib/thumb/v7e-m+fp/hard/libm.a(lib_a-s_floor.o)
 .ARM.attributes
                0x0000000000000657       0x34 /app/stm32cubeide/plugins/com.st.stm32cube.ide.mcu.externaltools.gnu-tools-for-stm32.10.3-2021.10.linux64_1.0.0.202111181127/tools/bin/../lib/gcc/arm-none-eabi/10.3.1/../../../../arm-none-eabi/lib/thumb/v7e-m+fp/hard/libm.a(lib_a-s_scalbn.o)
 .ARM.attributes
                0x000000000000068b       0x1e /app/stm32cubeide/plugins/com.st.stm32cube.ide.mcu.externaltools.gnu-tools-for-stm32.10.3-2021.10.linux64_1.0.0.202111181127/tools/bin/../lib/gcc/arm-none-eabi/10.3.1/thumb/v7e-m+fp/hard/libgcc.a(_arm_muldf3.o)
 .ARM.attributes
                0x00000000000006a9       0x1e /app/stm32cubeide/plugins/com.st.stm32cube.ide.mcu.externaltools.gnu-tools-for-stm32.10.3-2021.10.linux64_1.0.0.202111181127/tools/bin/../lib/gcc/arm-none-eabi/10.3.1/thumb/v7e-m+fp/hard/libgcc.a(_arm_addsubdf3.o)
 .ARM.attributes
                0x00000000000006c7       0x1e /app/stm32cubeide/plugins/com.st.stm32cube.ide.mcu.externaltools.gnu-tools-for-stm32.10.3-2021.10.linux64_1.0.0.202111181127/tools/bin/../lib/gcc/arm-none-eabi/10.3.1/thumb/v7e-m+fp/hard/libgcc.a(_arm_cmpdf2.o)
 .ARM.attributes
                0x00000000000006e5       0x1e /app/stm32cubeide/plugins/com.st.stm32cube.ide.mcu.externaltools.gnu-tools-for-stm32.10.3-2021.10.linux64_1.0.0.202111181127/tools/bin/../lib/gcc/arm-none-eabi/10.3.1/thumb/v7e-m+fp/hard/libgcc.a(_arm_fixdfsi.o)
 .ARM.attributes
                0x0000000000000703       0x1e /app/stm32cubeide/plugins/com.st.stm32cube.ide.mcu.externaltools.gnu-tools-for-stm32.10.3-2021.10.linux64_1.0.0.202111181127/tools/bin/../lib/gcc/arm-none-eabi/10.3.1/thumb/v7e-m+fp/hard/libgcc.a(_arm_truncdfsf2.o)
 .ARM.attributes
                0x0000000000000721       0x1e /app/stm32cubeide/plugins/com.st.stm32cube.ide.mcu.externaltools.gnu-tools-for-stm32.10.3-2021.10.linux64_1.0.0.202111181127/tools/bin/../lib/gcc/arm-none-eabi/10.3.1/thumb/v7e-m+fp/hard/libgcc.a(_aeabi_uldivmod.o)
 .ARM.attributes
                0x000000000000073f       0x34 /app/stm32cubeide/plugins/com.st.stm32cube.ide.mcu.externaltools.gnu-tools-for-stm32.10.3-2021.10.linux64_1.0.0.202111181127/tools/bin/../lib/gcc/arm-none-eabi/10.3.1/thumb/v7e-m+fp/hard/libgcc.a(_udivmoddi4.o)
 .ARM.attributes
                0x0000000000000773       0x1e /app/stm32cubeide/plugins/com.st.stm32cube.ide.mcu.externaltools.gnu-tools-for-stm32.10.3-2021.10.linux64_1.0.0.202111181127/tools/bin/../lib/gcc/arm-none-eabi/10.3.1/thumb/v7e-m+fp/hard/libgcc.a(_dvmd_tls.o)
 .ARM.attributes
                0x0000000000000791       0x1e /app/stm32cubeide/plugins/com.st.stm32cube.ide.mcu.externaltools.gnu-tools-for-stm32.10.3-2021.10.linux64_1.0.0.202111181127/tools/bin/../lib/gcc/arm-none-eabi/10.3.1/thumb/v7e-m+fp/hard/crtn.o
OUTPUT(midi_soundbox.elf elf32-littlearm)
LOAD linker stubs
LOAD /app/stm32cubeide/plugins/com.st.stm32cube.ide.mcu.externaltools.gnu-tools-for-stm32.10.3-2021.10.linux64_1.0.0.202111181127/tools/bin/../lib/gcc/arm-none-eabi/10.3.1/../../../../arm-none-eabi/lib/thumb/v7e-m+fp/hard/libc.a
LOAD /app/stm32cubeide/plugins/com.st.stm32cube.ide.mcu.externaltools.gnu-tools-for-stm32.10.3-2021.10.linux64_1.0.0.202111181127/tools/bin/../lib/gcc/arm-none-eabi/10.3.1/../../../../arm-none-eabi/lib/thumb/v7e-m+fp/hard/libm.a
LOAD /app/stm32cubeide/plugins/com.st.stm32cube.ide.mcu.externaltools.gnu-tools-for-stm32.10.3-2021.10.linux64_1.0.0.202111181127/tools/bin/../lib/gcc/arm-none-eabi/10.3.1/thumb/v7e-m+fp/hard/libgcc.a

.debug_info     0x0000000000000000     0xbd47
 .debug_info    0x0000000000000000      0x8d0 ./Core/Src/codec.o
 .debug_info    0x00000000000008d0      0x49d ./Core/Src/dma.o
 .debug_info    0x0000000000000d6d      0x4cf ./Core/Src/gpio.o
 .debug_info    0x000000000000123c      0xa55 ./Core/Src/i2c.o
 .debug_info    0x0000000000001c91      0xb11 ./Core/Src/i2s.o
 .debug_info    0x00000000000027a2      0x794 ./Core/Src/main.o
 .debug_info    0x0000000000002f36      0x2fc ./Core/Src/stm32f4xx_hal_msp.o
 .debug_info    0x0000000000003232      0x3f9 ./Core/Src/stm32f4xx_it.o
 .debug_info    0x000000000000362b      0x7f1 ./Core/Src/synth.o
 .debug_info    0x0000000000003e1c      0x54f ./Core/Src/system_stm32f4xx.o
 .debug_info    0x000000000000436b      0x2b7 ./Core/Src/wavetable.o
 .debug_info    0x0000000000004622       0x22 ./Core/Startup/startup_stm32f411vetx.o
 .debug_info    0x0000000000004644      0x90d ./Drivers/STM32F4xx_HAL_Driver/Src/stm32f4xx_hal.o
 .debug_info    0x0000000000004f51      0xd8b ./Drivers/STM32F4xx_HAL_Driver/Src/stm32f4xx_hal_cortex.o
 .debug_info    0x0000000000005cdc      0x947 ./Drivers/STM32F4xx_HAL_Driver/Src/stm32f4xx_hal_dma.o
 .debug_info    0x0000000000006623      0x78e ./Drivers/STM32F4xx_HAL_Driver/Src/stm32f4xx_hal_gpio.o
 .debug_info    0x0000000000006db1     0x260f ./Drivers/STM32F4xx_HAL_Driver/Src/stm32f4xx_hal_i2c.o
 .debug_info    0x00000000000093c0      0xeae ./Drivers/STM32F4xx_HAL_Driver/Src/stm32f4xx_hal_i2s.o
 .debug_info    0x000000000000a26e      0xb73 ./Drivers/STM32F4xx_HAL_Driver/Src/stm32f4xx_hal_i2s_ex.o
 .debug_info    0x000000000000ade1      0x98d ./Drivers/STM32F4xx_HAL_Driver/Src/stm32f4xx_hal_rcc.o
 .debug_info    0x000000000000b76e      0x5d9 ./Drivers/STM32F4xx_HAL_Driver/Src/stm32f4xx_hal_rcc_ex.o

.debug_abbrev   0x0000000000000000     0x25a2
 .debug_abbrev  0x0000000000000000      0x1db ./Core/Src/codec.o
 .debug_abbrev  0x00000000000001db      0x10a ./Core/Src/dma.o
 .debug_abbrev  0x00000000000002e5      0x146 ./Core/Src/gpio.o
 .debug_abbrev  0x000000000000042b      0x1e0 ./Core/Src/i2c.o
 .debug_abbrev  0x000000000000060b      0x1f3 ./Core/Src/i2s.o
 .debug_abbrev  0x00000000000007fe      0x21e ./Core/Src/main.o
 .debug_abbrev  0x0000000000000a1c       0xf0 ./Core/Src/stm32f4xx_hal_msp.o
 .debug_abbrev  0x0000000000000b0c      0x130 ./Core/Src/stm32f4xx_it.o
 .debug_abbrev  0x0000000000000c3c      0x1fe ./Core/Src/synth.o
 .debug_abbrev  0x0000000000000e3a      0x116 ./Core/Src/system_stm32f4xx.o
 .debug_abbrev  0x0000000000000f50      0x132 ./Core/Src/wavetable.o
 .debug_abbrev  0x0000000000001082       0x12 ./Core/Startup/startup_stm32f411vetx.o
 .debug_abbrev  0x0000000000001094      0x23e ./Drivers/STM32F4xx_HAL_Driver/Src/stm32f4xx_hal.o
 .debug_abbrev  0x00000000000012d2      0x316 ./Drivers/STM32F4xx_HAL_Driver/Src/stm32f4xx_hal_cortex.o
 .debug_abbrev  0x00000000000015e8      0x21b ./Drivers/STM32F4xx_HAL_Driver/Src/stm32f4xx_hal_dma.o
 .debug_abbrev  0x0000000000001803      0x1c4 ./Drivers/STM32F4xx_HAL_Driver/Src/stm32f4xx_hal_gpio.o
 .debug_abbrev  0x00000000000019c7      0x2a8 ./Drivers/STM32F4xx_HAL_Driver/Src/stm32f4xx_hal_i2c.o
 .debug_abbrev  0x0000000000001c6f      0x258 ./Drivers/STM32F4xx_HAL_Driver/Src/stm32f4xx_hal_i2s.o
 .debug_abbrev  0x0000000000001ec7      0x289 ./Drivers/STM32F4xx_HAL_Driver/Src/stm32f4xx_hal_i2s_ex.o
 .debug_abbrev  0x0000000000002150      0x2aa ./Drivers/STM32F4xx_HAL_Driver/Src/stm32f4xx_hal_rcc.o
 .debug_abbrev  0x00000000000023fa      0x1a8 ./Drivers/STM32F4xx_HAL_Driver/Src/stm32f4xx_hal_rcc_ex.o

.debug_aranges  0x0000000000000000      0xa68
 .debug_aranges
                0x0000000000000000       0x48 ./Core/Src/codec.o
 .debug_aranges
                0x0000000000000048       0x20 ./Core/Src/dma.o
 .debug_aranges
                0x0000000000000068       0x20 ./Core/Src/gpio.o
 .debug_aranges
                0x0000000000000088       0x30 ./Core/Src/i2c.o
 .debug_aranges
                0x00000000000000b8       0x30 ./Core/Src/i2s.o
 .debug_aranges
                0x00000000000000e8       0x30 ./Core/Src/main.o
 .debug_aranges
                0x0000000000000118       0x20 ./Core/Src/stm32f4xx_hal_msp.o
 .debug_aranges
                0x0000000000000138       0x68 ./Core/Src/stm32f4xx_it.o
 .debug_aranges
                0x00000000000001a0       0x40 ./Core/Src/synth.o
 .debug_aranges
                0x00000000000001e0       0x28 ./Core/Src/system_stm32f4xx.o
 .debug_aranges
                0x0000000000000208       0x40 ./Core/Src/wavetable.o
 .debug_aranges
                0x0000000000000248       0x28 ./Core/Startup/startup_stm32f411vetx.o
 .debug_aranges
                0x0000000000000270       0xf0 ./Drivers/STM32F4xx_HAL_Driver/Src/stm32f4xx_hal.o
 .debug_aranges
                0x0000000000000360      0x118 ./Drivers/STM32F4xx_HAL_Driver/Src/stm32f4xx_hal_cortex.o
 .debug_aranges
                0x0000000000000478       0x90 ./Drivers/STM32F4xx_HAL_Driver/Src/stm32f4xx_hal_dma.o
 .debug_aranges
                0x0000000000000508       0x58 ./Drivers/STM32F4xx_HAL_Driver/Src/stm32f4xx_hal_gpio.o
 .debug_aranges
                0x0000000000000560      0x2a0 ./Drivers/STM32F4xx_HAL_Driver/Src/stm32f4xx_hal_i2c.o
 .debug_aranges
                0x0000000000000800      0x108 ./Drivers/STM32F4xx_HAL_Driver/Src/stm32f4xx_hal_i2s.o
 .debug_aranges
                0x0000000000000908       0x88 ./Drivers/STM32F4xx_HAL_Driver/Src/stm32f4xx_hal_i2s_ex.o
 .debug_aranges
                0x0000000000000990       0x88 ./Drivers/STM32F4xx_HAL_Driver/Src/stm32f4xx_hal_rcc.o
 .debug_aranges
                0x0000000000000a18       0x50 ./Drivers/STM32F4xx_HAL_Driver/Src/stm32f4xx_hal_rcc_ex.o

.debug_ranges   0x0000000000000000      0x938
 .debug_ranges  0x0000000000000000       0x38 ./Core/Src/codec.o
 .debug_ranges  0x0000000000000038       0x10 ./Core/Src/dma.o
 .debug_ranges  0x0000000000000048       0x10 ./Core/Src/gpio.o
 .debug_ranges  0x0000000000000058       0x20 ./Core/Src/i2c.o
 .debug_ranges  0x0000000000000078       0x20 ./Core/Src/i2s.o
 .debug_ranges  0x0000000000000098       0x20 ./Core/Src/main.o
 .debug_ranges  0x00000000000000b8       0x10 ./Core/Src/stm32f4xx_hal_msp.o
 .debug_ranges  0x00000000000000c8       0x58 ./Core/Src/stm32f4xx_it.o
 .debug_ranges  0x0000000000000120       0x30 ./Core/Src/synth.o
 .debug_ranges  0x0000000000000150       0x18 ./Core/Src/system_stm32f4xx.o
 .debug_ranges  0x0000000000000168       0x30 ./Core/Src/wavetable.o
 .debug_ranges  0x0000000000000198       0x20 ./Core/Startup/startup_stm32f411vetx.o
 .debug_ranges  0x00000000000001b8       0xe0 ./Drivers/STM32F4xx_HAL_Driver/Src/stm32f4xx_hal.o
 .debug_ranges  0x0000000000000298      0x108 ./Drivers/STM32F4xx_HAL_Driver/Src/stm32f4xx_hal_cortex.o
 .debug_ranges  0x00000000000003a0       0x80 ./Drivers/STM32F4xx_HAL_Driver/Src/stm32f4xx_hal_dma.o
 .debug_ranges  0x0000000000000420       0x48 ./Drivers/STM32F4xx_HAL_Driver/Src/stm32f4xx_hal_gpio.o
 .debug_ranges  0x0000000000000468      0x2a8 ./Drivers/STM32F4xx_HAL_Driver/Src/stm32f4xx_hal_i2c.o
 .debug_ranges  0x0000000000000710       0xf8 ./Drivers/STM32F4xx_HAL_Driver/Src/stm32f4xx_hal_i2s.o
 .debug_ranges  0x0000000000000808       0x78 ./Drivers/STM32F4xx_HAL_Driver/Src/stm32f4xx_hal_i2s_ex.o
 .debug_ranges  0x0000000000000880       0x78 ./Drivers/STM32F4xx_HAL_Driver/Src/stm32f4xx_hal_rcc.o
 .debug_ranges  0x00000000000008f8       0x40 ./Drivers/STM32F4xx_HAL_Driver/Src/stm32f4xx_hal_rcc_ex.o

.debug_macro    0x0000000000000000    0x1741f
 .debug_macro   0x0000000000000000      0x2e5 ./Core/Src/codec.o
 .debug_macro   0x00000000000002e5      0xa78 ./Core/Src/codec.o
 .debug_macro   0x0000000000000d5d      0x29b ./Core/Src/codec.o
 .debug_macro   0x0000000000000ff8       0x2e ./Core/Src/codec.o
 .debug_macro   0x0000000000001026       0x28 ./Core/Src/codec.o
 .debug_macro   0x000000000000104e       0x22 ./Core/Src/codec.o
 .debug_macro   0x0000000000001070       0x8e ./Core/Src/codec.o
 .debug_macro   0x00000000000010fe       0x51 ./Core/Src/codec.o
 .debug_macro   0x000000000000114f      0x103 ./Core/Src/codec.o
 .debug_macro   0x0000000000001252       0x6a ./Core/Src/codec.o
 .debug_macro   0x00000000000012bc      0x1df ./Core/Src/codec.o
 .debug_macro   0x000000000000149b       0x1c ./Core/Src/codec.o
 .debug_macro   0x00000000000014b7       0x22 ./Core/Src/codec.o
 .debug_macro   0x00000000000014d9       0xd9 ./Core/Src/codec.o
 .debug_macro   0x00000000000015b2     0x102d ./Core/Src/codec.o
 .debug_macro   0x00000000000025df      0x11f ./Core/Src/codec.o
 .debug_macro   0x00000000000026fe     0xb953 ./Core/Src/codec.o
 .debug_macro   0x000000000000e051       0x6d ./Core/Src/codec.o
 .debug_macro   0x000000000000e0be     0x367e ./Core/Src/codec.o
 .debug_macro   0x000000000001173c      0x174 ./Core/Src/codec.o
 .debug_macro   0x00000000000118b0       0x5c ./Core/Src/codec.o
 .debug_macro   0x000000000001190c      0x447 ./Core/Src/codec.o
 .debug_macro   0x0000000000011d53      0x9fe ./Core/Src/codec.o
 .debug_macro   0x0000000000012751      0x115 ./Core/Src/codec.o
 .debug_macro   0x0000000000012866      0x11b ./Core/Src/codec.o
 .debug_macro   0x0000000000012981       0xa5 ./Core/Src/codec.o
 .debug_macro   0x0000000000012a26      0x15f ./Core/Src/codec.o
 .debug_macro   0x0000000000012b85      0x287 ./Core/Src/codec.o
 .debug_macro   0x0000000000012e0c       0x5f ./Core/Src/codec.o
 .debug_macro   0x0000000000012e6b      0x236 ./Core/Src/codec.o
 .debug_macro   0x00000000000130a1      0x132 ./Core/Src/codec.o
 .debug_macro   0x00000000000131d3      0x264 ./Core/Src/codec.o
 .debug_macro   0x0000000000013437       0x2e ./Core/Src/codec.o
 .debug_macro   0x0000000000013465      0x1b5 ./Core/Src/codec.o
 .debug_macro   0x000000000001361a       0x22 ./Core/Src/codec.o
 .debug_macro   0x000000000001363c       0xd6 ./Core/Src/codec.o
 .debug_macro   0x0000000000013712      0x1a7 ./Core/Src/codec.o
 .debug_macro   0x00000000000138b9       0x46 ./Core/Src/codec.o
 .debug_macro   0x00000000000138ff       0x4a ./Core/Src/codec.o
 .debug_macro   0x0000000000013949      0x11a ./Core/Src/codec.o
 .debug_macro   0x0000000000013a63       0x85 ./Core/Src/codec.o
 .debug_macro   0x0000000000013ae8       0x89 ./Core/Src/codec.o
 .debug_macro   0x0000000000013b71      0x126 ./Core/Src/codec.o
 .debug_macro   0x0000000000013c97       0x52 ./Core/Src/codec.o
 .debug_macro   0x0000000000013ce9       0x1e ./Core/Src/codec.o
 .debug_macro   0x0000000000013d07       0x3c ./Core/Src/codec.o
 .debug_macro   0x0000000000013d43       0x34 ./Core/Src/codec.o
 .debug_macro   0x0000000000013d77       0x16 ./Core/Src/codec.o
 .debug_macro   0x0000000000013d8d       0x43 ./Core/Src/codec.o
 .debug_macro   0x0000000000013dd0       0x34 ./Core/Src/codec.o
 .debug_macro   0x0000000000013e04       0x10 ./Core/Src/codec.o
 .debug_macro   0x0000000000013e14       0x58 ./Core/Src/codec.o
 .debug_macro   0x0000000000013e6c       0x71 ./Core/Src/codec.o
 .debug_macro   0x0000000000013edd       0x1c ./Core/Src/codec.o
 .debug_macro   0x0000000000013ef9      0x12a ./Core/Src/codec.o
 .debug_macro   0x0000000000014023      0x341 ./Core/Src/codec.o
 .debug_macro   0x0000000000014364      0x19b ./Core/Src/codec.o
 .debug_macro   0x00000000000144ff       0x1c ./Core/Src/codec.o
 .debug_macro   0x000000000001451b       0x16 ./Core/Src/codec.o
 .debug_macro   0x0000000000014531       0x40 ./Core/Src/codec.o
 .debug_macro   0x0000000000014571      0x124 ./Core/Src/codec.o
 .debug_macro   0x0000000000014695      0x2e5 ./Core/Src/dma.o
 .debug_macro   0x000000000001497a      0x2e5 ./Core/Src/gpio.o
 .debug_macro   0x0000000000014c5f      0x2df ./Core/Src/i2c.o
 .debug_macro   0x0000000000014f3e      0x2df ./Core/Src/i2s.o
 .debug_macro   0x000000000001521d      0x2f7 ./Core/Src/main.o
 .debug_macro   0x0000000000015514      0x2db ./Core/Src/stm32f4xx_hal_msp.o
 .debug_macro   0x00000000000157ef      0x2e5 ./Core/Src/stm32f4xx_it.o
 .debug_macro   0x0000000000015ad4      0x2d9 ./Core/Src/synth.o
 .debug_macro   0x0000000000015dad       0x4c ./Core/Src/synth.o
 .debug_macro   0x0000000000015df9       0x94 ./Core/Src/synth.o
 .debug_macro   0x0000000000015e8d       0x57 ./Core/Src/synth.o
 .debug_macro   0x0000000000015ee4       0x56 ./Core/Src/synth.o
 .debug_macro   0x0000000000015f3a      0x1e2 ./Core/Src/system_stm32f4xx.o
 .debug_macro   0x000000000001611c      0x11c ./Core/Src/wavetable.o
 .debug_macro   0x0000000000016238       0x16 ./Core/Src/wavetable.o
 .debug_macro   0x000000000001624e      0x242 ./Drivers/STM32F4xx_HAL_Driver/Src/stm32f4xx_hal.o
 .debug_macro   0x0000000000016490      0x1e2 ./Drivers/STM32F4xx_HAL_Driver/Src/stm32f4xx_hal_cortex.o
 .debug_macro   0x0000000000016672      0x1e8 ./Drivers/STM32F4xx_HAL_Driver/Src/stm32f4xx_hal_dma.o
 .debug_macro   0x000000000001685a      0x1e8 ./Drivers/STM32F4xx_HAL_Driver/Src/stm32f4xx_hal_gpio.o
 .debug_macro   0x0000000000016a42      0x229 ./Drivers/STM32F4xx_HAL_Driver/Src/stm32f4xx_hal_i2c.o
 .debug_macro   0x0000000000016c6b      0x1ea ./Drivers/STM32F4xx_HAL_Driver/Src/stm32f4xx_hal_i2s.o
 .debug_macro   0x0000000000016e55      0x1e2 ./Drivers/STM32F4xx_HAL_Driver/Src/stm32f4xx_hal_i2s_ex.o
 .debug_macro   0x0000000000017037      0x206 ./Drivers/STM32F4xx_HAL_Driver/Src/stm32f4xx_hal_rcc.o
 .debug_macro   0x000000000001723d      0x1e2 ./Drivers/STM32F4xx_HAL_Driver/Src/stm32f4xx_hal_rcc_ex.o

.debug_line     0x0000000000000000     0xfeee
 .debug_line    0x0000000000000000      0x926 ./Core/Src/codec.o
 .debug_line    0x0000000000000926      0x7dd ./Core/Src/dma.o
 .debug_line    0x0000000000001103      0x7fc ./Core/Src/gpio.o
 .debug_line    0x00000000000018ff      0x842 ./Core/Src/i2c.o
 .debug_line    0x0000000000002141      0x896 ./Core/Src/i2s.o
 .debug_line    0x00000000000029d7      0x89e ./Core/Src/main.o
 .debug_line    0x0000000000003275      0x7e2 ./Core/Src/stm32f4xx_hal_msp.o
 .debug_line    0x0000000000003a57      0x8bc ./Core/Src/stm32f4xx_it.o
 .debug_line    0x0000000000004313      0x8c4 ./Core/Src/synth.o
 .debug_line    0x0000000000004bd7      0x70a ./Core/Src/system_stm32f4xx.o
 .debug_line    0x00000000000052e1      0x58e ./Core/Src/wavetable.o
 .debug_line    0x000000000000586f       0x88 ./Core/Startup/startup_stm32f411vetx.o
 .debug_line    0x00000000000058f7      0x970 ./Drivers/STM32F4xx_HAL_Driver/Src/stm32f4xx_hal.o
 .debug_line    0x0000000000006267      0xc1f ./Drivers/STM32F4xx_HAL_Driver/Src/stm32f4xx_hal_cortex.o
 .debug_line    0x0000000000006e86      0xed4 ./Drivers/STM32F4xx_HAL_Driver/Src/stm32f4xx_hal_dma.o
 .debug_line    0x0000000000007d5a      0xaa8 ./Drivers/STM32F4xx_HAL_Driver/Src/stm32f4xx_hal_gpio.o
 .debug_line    0x0000000000008802     0x3925 ./Drivers/STM32F4xx_HAL_Driver/Src/stm32f4xx_hal_i2c.o
 .debug_line    0x000000000000c127     0x1309 ./Drivers/STM32F4xx_HAL_Driver/Src/stm32f4xx_hal_i2s.o
 .debug_line    0x000000000000d430     0x1408 ./Drivers/STM32F4xx_HAL_Driver/Src/stm32f4xx_hal_i2s_ex.o
 .debug_line    0x000000000000e838      0xcec ./Drivers/STM32F4xx_HAL_Driver/Src/stm32f4xx_hal_rcc.o
 .debug_line    0x000000000000f524      0x9ca ./Drivers/STM32F4xx_HAL_Driver/Src/stm32f4xx_hal_rcc_ex.o

.debug_str      0x0000000000000000    0x87924
 .debug_str     0x0000000000000000    0x84bb8 ./Core/Src/codec.o
                                      0x84ea8 (size before relaxing)
 .debug_str     0x0000000000084bb8      0x4f7 ./Core/Src/dma.o
                                      0x84d13 (size before relaxing)
 .debug_str     0x00000000000850af       0x6a ./Core/Src/gpio.o
                                      0x84a19 (size before relaxing)
 .debug_str     0x0000000000085119       0x76 ./Core/Src/i2c.o
                                      0x84f42 (size before relaxing)
 .debug_str     0x000000000008518f      0x2d8 ./Core/Src/i2s.o
                                      0x84f67 (size before relaxing)
 .debug_str     0x0000000000085467      0x1ef ./Core/Src/main.o
                                      0x84c7f (size before relaxing)
 .debug_str     0x0000000000085656       0x49 ./Core/Src/stm32f4xx_hal_msp.o
                                      0x8496b (size before relaxing)
 .debug_str     0x000000000008569f       0xf4 ./Core/Src/stm32f4xx_it.o
                                      0x84b5a (size before relaxing)
 .debug_str     0x0000000000085793       0xcc ./Core/Src/synth.o
                                      0x84db6 (size before relaxing)
 .debug_str     0x000000000008585f       0xdb ./Core/Src/system_stm32f4xx.o
                                      0x80d57 (size before relaxing)
 .debug_str     0x000000000008593a       0x7a ./Core/Src/wavetable.o
                                       0x7626 (size before relaxing)
 .debug_str     0x00000000000859b4       0x36 ./Core/Startup/startup_stm32f411vetx.o
                                         0x60 (size before relaxing)
 .debug_str     0x00000000000859ea      0x5fa ./Drivers/STM32F4xx_HAL_Driver/Src/stm32f4xx_hal.o
                                      0x81783 (size before relaxing)
 .debug_str     0x0000000000085fe4      0x341 ./Drivers/STM32F4xx_HAL_Driver/Src/stm32f4xx_hal_cortex.o
                                      0x814a4 (size before relaxing)
 .debug_str     0x0000000000086325      0x2f9 ./Drivers/STM32F4xx_HAL_Driver/Src/stm32f4xx_hal_dma.o
                                      0x8115f (size before relaxing)
 .debug_str     0x000000000008661e      0x110 ./Drivers/STM32F4xx_HAL_Driver/Src/stm32f4xx_hal_gpio.o
                                      0x80ed2 (size before relaxing)
 .debug_str     0x000000000008672e      0xab9 ./Drivers/STM32F4xx_HAL_Driver/Src/stm32f4xx_hal_i2c.o
                                      0x81d15 (size before relaxing)
 .debug_str     0x00000000000871e7      0x263 ./Drivers/STM32F4xx_HAL_Driver/Src/stm32f4xx_hal_i2s.o
                                      0x81336 (size before relaxing)
 .debug_str     0x000000000008744a      0x1d1 ./Drivers/STM32F4xx_HAL_Driver/Src/stm32f4xx_hal_i2s_ex.o
                                      0x81241 (size before relaxing)
 .debug_str     0x000000000008761b      0x213 ./Drivers/STM32F4xx_HAL_Driver/Src/stm32f4xx_hal_rcc.o
                                      0x8118b (size before relaxing)
 .debug_str     0x000000000008782e       0xf6 ./Drivers/STM32F4xx_HAL_Driver/Src/stm32f4xx_hal_rcc_ex.o
                                      0x80edf (size before relaxing)

.comment        0x0000000000000000       0x50
 .comment       0x0000000000000000       0x50 ./Core/Src/codec.o
                                         0x51 (size before relaxing)
 .comment       0x0000000000000050       0x51 ./Core/Src/dma.o
 .comment       0x0000000000000050       0x51 ./Core/Src/gpio.o
 .comment       0x0000000000000050       0x51 ./Core/Src/i2c.o
 .comment       0x0000000000000050       0x51 ./Core/Src/i2s.o
 .comment       0x0000000000000050       0x51 ./Core/Src/main.o
 .comment       0x0000000000000050       0x51 ./Core/Src/stm32f4xx_hal_msp.o
 .comment       0x0000000000000050       0x51 ./Core/Src/stm32f4xx_it.o
 .comment       0x0000000000000050       0x51 ./Core/Src/synth.o
 .comment       0x0000000000000050       0x51 ./Core/Src/system_stm32f4xx.o
 .comment       0x0000000000000050       0x51 ./Core/Src/wavetable.o
 .comment       0x0000000000000050       0x51 ./Drivers/STM32F4xx_HAL_Driver/Src/stm32f4xx_hal.o
 .comment       0x0000000000000050       0x51 ./Drivers/STM32F4xx_HAL_Driver/Src/stm32f4xx_hal_cortex.o
 .comment       0x0000000000000050       0x51 ./Drivers/STM32F4xx_HAL_Driver/Src/stm32f4xx_hal_dma.o
 .comment       0x0000000000000050       0x51 ./Drivers/STM32F4xx_HAL_Driver/Src/stm32f4xx_hal_gpio.o
 .comment       0x0000000000000050       0x51 ./Drivers/STM32F4xx_HAL_Driver/Src/stm32f4xx_hal_i2c.o
 .comment       0x0000000000000050       0x51 ./Drivers/STM32F4xx_HAL_Driver/Src/stm32f4xx_hal_i2s.o
 .comment       0x0000000000000050       0x51 ./Drivers/STM32F4xx_HAL_Driver/Src/stm32f4xx_hal_i2s_ex.o
 .comment       0x0000000000000050       0x51 ./Drivers/STM32F4xx_HAL_Driver/Src/stm32f4xx_hal_rcc.o
 .comment       0x0000000000000050       0x51 ./Drivers/STM32F4xx_HAL_Driver/Src/stm32f4xx_hal_rcc_ex.o

.debug_frame    0x0000000000000000     0x2c14
 .debug_frame   0x0000000000000000       0xe8 ./Core/Src/codec.o
 .debug_frame   0x00000000000000e8       0x34 ./Core/Src/dma.o
 .debug_frame   0x000000000000011c       0x34 ./Core/Src/gpio.o
 .debug_frame   0x0000000000000150       0x74 ./Core/Src/i2c.o
 .debug_frame   0x00000000000001c4       0x74 ./Core/Src/i2s.o
 .debug_frame   0x0000000000000238       0x70 ./Core/Src/main.o
 .debug_frame   0x00000000000002a8       0x34 ./Core/Src/stm32f4xx_hal_msp.o
 .debug_frame   0x00000000000002dc      0x120 ./Core/Src/stm32f4xx_it.o
 .debug_frame   0x00000000000003fc       0xb4 ./Core/Src/synth.o
 .debug_frame   0x00000000000004b0       0x58 ./Core/Src/system_stm32f4xx.o
 .debug_frame   0x0000000000000508       0xd4 ./Core/Src/wavetable.o
 .debug_frame   0x00000000000005dc      0x374 ./Drivers/STM32F4xx_HAL_Driver/Src/stm32f4xx_hal.o
 .debug_frame   0x0000000000000950      0x498 ./Drivers/STM32F4xx_HAL_Driver/Src/stm32f4xx_hal_cortex.o
 .debug_frame   0x0000000000000de8      0x250 ./Drivers/STM32F4xx_HAL_Driver/Src/stm32f4xx_hal_dma.o
 .debug_frame   0x0000000000001038      0x14c ./Drivers/STM32F4xx_HAL_Driver/Src/stm32f4xx_hal_gpio.o
 .debug_frame   0x0000000000001184      0xc5c ./Drivers/STM32F4xx_HAL_Driver/Src/stm32f4xx_hal_i2c.o
 .debug_frame   0x0000000000001de0      0x484 ./Drivers/STM32F4xx_HAL_Driver/Src/stm32f4xx_hal_i2s.o
 .debug_frame   0x0000000000002264      0x220 ./Drivers/STM32F4xx_HAL_Driver/Src/stm32f4xx_hal_i2s_ex.o
 .debug_frame   0x0000000000002484      0x1f4 ./Drivers/STM32F4xx_HAL_Driver/Src/stm32f4xx_hal_rcc.o
 .debug_frame   0x0000000000002678      0x118 ./Drivers/STM32F4xx_HAL_Driver/Src/stm32f4xx_hal_rcc_ex.o
 .debug_frame   0x0000000000002790       0x2c /app/stm32cubeide/plugins/com.st.stm32cube.ide.mcu.externaltools.gnu-tools-for-stm32.10.3-2021.10.linux64_1.0.0.202111181127/tools/bin/../lib/gcc/arm-none-eabi/10.3.1/../../../../arm-none-eabi/lib/thumb/v7e-m+fp/hard/libc_nano.a(lib_a-init.o)
 .debug_frame   0x00000000000027bc       0x20 /app/stm32cubeide/plugins/com.st.stm32cube.ide.mcu.externaltools.gnu-tools-for-stm32.10.3-2021.10.linux64_1.0.0.202111181127/tools/bin/../lib/gcc/arm-none-eabi/10.3.1/../../../../arm-none-eabi/lib/thumb/v7e-m+fp/hard/libc_nano.a(lib_a-memset.o)
 .debug_frame   0x00000000000027dc       0x38 /app/stm32cubeide/plugins/com.st.stm32cube.ide.mcu.externaltools.gnu-tools-for-stm32.10.3-2021.10.linux64_1.0.0.202111181127/tools/bin/../lib/gcc/arm-none-eabi/10.3.1/../../../../arm-none-eabi/lib/thumb/v7e-m+fp/hard/libm.a(lib_a-s_sin.o)
 .debug_frame   0x0000000000002814       0x50 /app/stm32cubeide/plugins/com.st.stm32cube.ide.mcu.externaltools.gnu-tools-for-stm32.10.3-2021.10.linux64_1.0.0.202111181127/tools/bin/../lib/gcc/arm-none-eabi/10.3.1/../../../../arm-none-eabi/lib/thumb/v7e-m+fp/hard/libm.a(lib_a-e_rem_pio2.o)
 .debug_frame   0x0000000000002864       0x3c /app/stm32cubeide/plugins/com.st.stm32cube.ide.mcu.externaltools.gnu-tools-for-stm32.10.3-2021.10.linux64_1.0.0.202111181127/tools/bin/../lib/gcc/arm-none-eabi/10.3.1/../../../../arm-none-eabi/lib/thumb/v7e-m+fp/hard/libm.a(lib_a-k_cos.o)
 .debug_frame   0x00000000000028a0       0x54 /app/stm32cubeide/plugins/com.st.stm32cube.ide.mcu.externaltools.gnu-tools-for-stm32.10.3-2021.10.linux64_1.0.0.202111181127/tools/bin/../lib/gcc/arm-none-eabi/10.3.1/../../../../arm-none-eabi/lib/thumb/v7e-m+fp/hard/libm.a(lib_a-k_rem_pio2.o)
 .debug_frame   0x00000000000028f4       0x5c /app/stm32cubeide/plugins/com.st.stm32cube.ide.mcu.externaltools.gnu-tools-for-stm32.10.3-2021.10.linux64_1.0.0.202111181127/tools/bin/../lib/gcc/arm-none-eabi/10.3.1/../../../../arm-none-eabi/lib/thumb/v7e-m+fp/hard/libm.a(lib_a-k_sin.o)
 .debug_frame   0x0000000000002950       0x20 /app/stm32cubeide/plugins/com.st.stm32cube.ide.mcu.externaltools.gnu-tools-for-stm32.10.3-2021.10.linux64_1.0.0.202111181127/tools/bin/../lib/gcc/arm-none-eabi/10.3.1/../../../../arm-none-eabi/lib/thumb/v7e-m+fp/hard/libm.a(lib_a-s_fabs.o)
 .debug_frame   0x0000000000002970       0x30 /app/stm32cubeide/plugins/com.st.stm32cube.ide.mcu.externaltools.gnu-tools-for-stm32.10.3-2021.10.linux64_1.0.0.202111181127/tools/bin/../lib/gcc/arm-none-eabi/10.3.1/../../../../arm-none-eabi/lib/thumb/v7e-m+fp/hard/libm.a(lib_a-s_floor.o)
 .debug_frame   0x00000000000029a0       0x2c /app/stm32cubeide/plugins/com.st.stm32cube.ide.mcu.externaltools.gnu-tools-for-stm32.10.3-2021.10.linux64_1.0.0.202111181127/tools/bin/../lib/gcc/arm-none-eabi/10.3.1/../../../../arm-none-eabi/lib/thumb/v7e-m+fp/hard/libm.a(lib_a-s_scalbn.o)
 .debug_frame   0x00000000000029cc       0x30 /app/stm32cubeide/plugins/com.st.stm32cube.ide.mcu.externaltools.gnu-tools-for-stm32.10.3-2021.10.linux64_1.0.0.202111181127/tools/bin/../lib/gcc/arm-none-eabi/10.3.1/thumb/v7e-m+fp/hard/libgcc.a(_arm_muldf3.o)
 .debug_frame   0x00000000000029fc       0xac /app/stm32cubeide/plugins/com.st.stm32cube.ide.mcu.externaltools.gnu-tools-for-stm32.10.3-2021.10.linux64_1.0.0.202111181127/tools/bin/../lib/gcc/arm-none-eabi/10.3.1/thumb/v7e-m+fp/hard/libgcc.a(_arm_addsubdf3.o)
 .debug_frame   0x0000000000002aa8       0xc4 /app/stm32cubeide/plugins/com.st.stm32cube.ide.mcu.externaltools.gnu-tools-for-stm32.10.3-2021.10.linux64_1.0.0.202111181127/tools/bin/../lib/gcc/arm-none-eabi/10.3.1/thumb/v7e-m+fp/hard/libgcc.a(_arm_cmpdf2.o)
 .debug_frame   0x0000000000002b6c       0x24 /app/stm32cubeide/plugins/com.st.stm32cube.ide.mcu.externaltools.gnu-tools-for-stm32.10.3-2021.10.linux64_1.0.0.202111181127/tools/bin/../lib/gcc/arm-none-eabi/10.3.1/thumb/v7e-m+fp/hard/libgcc.a(_arm_fixdfsi.o)
 .debug_frame   0x0000000000002b90       0x24 /app/stm32cubeide/plugins/com.st.stm32cube.ide.mcu.externaltools.gnu-tools-for-stm32.10.3-2021.10.linux64_1.0.0.202111181127/tools/bin/../lib/gcc/arm-none-eabi/10.3.1/thumb/v7e-m+fp/hard/libgcc.a(_arm_truncdfsf2.o)
 .debug_frame   0x0000000000002bb4       0x2c /app/stm32cubeide/plugins/com.st.stm32cube.ide.mcu.externaltools.gnu-tools-for-stm32.10.3-2021.10.linux64_1.0.0.202111181127/tools/bin/../lib/gcc/arm-none-eabi/10.3.1/thumb/v7e-m+fp/hard/libgcc.a(_aeabi_uldivmod.o)
 .debug_frame   0x0000000000002be0       0x34 /app/stm32cubeide/plugins/com.st.stm32cube.ide.mcu.externaltools.gnu-tools-for-stm32.10.3-2021.10.linux64_1.0.0.202111181127/tools/bin/../lib/gcc/arm-none-eabi/10.3.1/thumb/v7e-m+fp/hard/libgcc.a(_udivmoddi4.o)
