../Core/Src/main.c:82:6:make_sound	24	static
../Core/Src/main.c:91:6:HAL_I2S_TxHalfCpltCallback	16	static
../Core/Src/main.c:96:6:HAL_I2S_TxCpltCallback	16	static
../Core/Src/main.c:107:5:main	96	static
../Core/Src/main.c:169:6:SystemClock_Config	88	static
../Core/Src/main.c:215:13:MX_I2C1_Init	8	static
../Core/Src/main.c:249:13:MX_I2S3_Init	8	static
../Core/Src/main.c:281:13:MX_DMA_Init	16	static
../Core/Src/main.c:299:13:MX_GPIO_Init	48	static
../Core/Src/main.c:333:6:Error_Handler	8	static,ignoring_inline_asm
